Archive member included to satisfy reference by file (symbol)

C:/Program Files/SEGGER/SEGGER Embedded Studio for ARM 5.70a/lib/libm_v7em_fpv4_sp_d16_hard_t_le_eabi.a(libm_asm.o)
                              Output/Release/Obj/spi_pca10040/main.o (__aeabi_dadd)
C:/Program Files/SEGGER/SEGGER Embedded Studio for ARM 5.70a/lib/libm_v7em_fpv4_sp_d16_hard_t_le_eabi.a(libm2.o)
                              Output/Release/Obj/spi_pca10040/main.o (sqrt)
C:/Program Files/SEGGER/SEGGER Embedded Studio for ARM 5.70a/lib/libc_v7em_fpv4_sp_d16_hard_t_le_eabi.a(libc_asm.o)
                              Output/Release/Obj/spi_pca10040/bsp.o (__aeabi_uldivmod)
C:/Program Files/SEGGER/SEGGER Embedded Studio for ARM 5.70a/lib/libc_v7em_fpv4_sp_d16_hard_t_le_eabi.a(libc2.o)
                              Output/Release/Obj/spi_pca10040/nrf_log_str_formatter.o (isprint)
C:/Program Files/SEGGER/SEGGER Embedded Studio for ARM 5.70a/lib/libc_v7em_fpv4_sp_d16_hard_t_le_eabi.a(libc2_asm.o)
                              Output/Release/Obj/spi_pca10040/nrf_log_frontend.o (memcpy)
C:/Program Files/SEGGER/SEGGER Embedded Studio for ARM 5.70a/lib/libc_v7em_fpv4_sp_d16_hard_t_le_eabi.a(libvfprintf.o)
                              (__vfprintf_long)
C:/Program Files/SEGGER/SEGGER Embedded Studio for ARM 5.70a/lib/libc_v7em_fpv4_sp_d16_hard_t_le_eabi.a(libvfscanf.o)
                              (__vfscanf_long)
C:/Program Files/SEGGER/SEGGER Embedded Studio for ARM 5.70a/lib/libc_v7em_fpv4_sp_d16_hard_t_le_eabi.a(libc.o)
                              C:/Program Files/SEGGER/SEGGER Embedded Studio for ARM 5.70a/lib/libc_v7em_fpv4_sp_d16_hard_t_le_eabi.a(libc2.o) (__heap_lock)
C:/Program Files/SEGGER/SEGGER Embedded Studio for ARM 5.70a/lib/libdebugio_v7em_fpv4_sp_d16_hard_t_le_eabi.a(libdebugio.o)
                              Output/Release/Obj/spi_pca10040/thumb_crt0.o (debug_fopen)
C:/Program Files/SEGGER/SEGGER Embedded Studio for ARM 5.70a/lib/libdebugio_v7em_fpv4_sp_d16_hard_t_le_eabi.a(do_nv_debug_operation.o)
                              C:/Program Files/SEGGER/SEGGER Embedded Studio for ARM 5.70a/lib/libdebugio_v7em_fpv4_sp_d16_hard_t_le_eabi.a(libdebugio.o) (__do_nvdebug_operation)
C:/Program Files/SEGGER/SEGGER Embedded Studio for ARM 5.70a/lib/libdebugio_v7em_fpv4_sp_d16_hard_t_le_eabi.a(mempoll_debug_operations.o)
                              (__do_debug_operation_mempoll)

Discarded input sections

 .text          0x0000000000000000        0x0 Output/Release/Obj/spi_pca10040/thumb_crt0.o
 .data          0x0000000000000000        0x0 Output/Release/Obj/spi_pca10040/thumb_crt0.o
 .bss           0x0000000000000000        0x0 Output/Release/Obj/spi_pca10040/thumb_crt0.o
 .text.abort    0x0000000000000000        0x2 Output/Release/Obj/spi_pca10040/thumb_crt0.o
 .text.__assert
                0x0000000000000000        0x2 Output/Release/Obj/spi_pca10040/thumb_crt0.o
 .text.__assert_func
                0x0000000000000000        0x2 Output/Release/Obj/spi_pca10040/thumb_crt0.o
 .text.__aeabi_assert
                0x0000000000000000        0x2 Output/Release/Obj/spi_pca10040/thumb_crt0.o
 .text.__sync_synchronize
                0x0000000000000000        0x2 Output/Release/Obj/spi_pca10040/thumb_crt0.o
 .text.__getchar
                0x0000000000000000        0x4 Output/Release/Obj/spi_pca10040/thumb_crt0.o
 .text.__putchar
                0x0000000000000000        0x4 Output/Release/Obj/spi_pca10040/thumb_crt0.o
 .text.__open   0x0000000000000000        0x4 Output/Release/Obj/spi_pca10040/thumb_crt0.o
 .text.__close  0x0000000000000000        0x4 Output/Release/Obj/spi_pca10040/thumb_crt0.o
 .text.__write  0x0000000000000000        0xa Output/Release/Obj/spi_pca10040/thumb_crt0.o
 .text.__read   0x0000000000000000        0xa Output/Release/Obj/spi_pca10040/thumb_crt0.o
 .text.__seek   0x0000000000000000       0x1a Output/Release/Obj/spi_pca10040/thumb_crt0.o
 .text.remove   0x0000000000000000        0x4 Output/Release/Obj/spi_pca10040/thumb_crt0.o
 .text.rename   0x0000000000000000        0x4 Output/Release/Obj/spi_pca10040/thumb_crt0.o
 .bss.__user_locale_name_buffer
                0x0000000000000000        0x4 Output/Release/Obj/spi_pca10040/thumb_crt0.o
 .stack         0x0000000000000000        0x0 Output/Release/Obj/spi_pca10040/thumb_crt0.o
 .stack_process
                0x0000000000000000        0x0 Output/Release/Obj/spi_pca10040/thumb_crt0.o
 .heap          0x0000000000000000        0x0 Output/Release/Obj/spi_pca10040/thumb_crt0.o
 .group         0x0000000000000000        0xc Output/Release/Obj/spi_pca10040/nrf_log_backend_rtt.o
 .group         0x0000000000000000        0xc Output/Release/Obj/spi_pca10040/nrf_log_backend_rtt.o
 .group         0x0000000000000000        0xc Output/Release/Obj/spi_pca10040/nrf_log_backend_rtt.o
 .group         0x0000000000000000        0xc Output/Release/Obj/spi_pca10040/nrf_log_backend_rtt.o
[...]
Memory Configuration

Name             Origin             Length             Attributes
UNPLACED_SECTIONS 0x0000000100000000 0x0000000000000000 xw
RAM1             0x0000000020000000 0x0000000000010000 xw
FLASH1           0x0000000000000000 0x0000000000080000 xw
*default*        0x0000000000000000 0xffffffffffffffff

Linker script and memory map

                0x0000000000000000                __do_debug_operation = __do_debug_operation_mempoll
                0x0000000000000000                __vfprintf = __vfprintf_long
                0x0000000000000000                __vfscanf = __vfscanf_long
                0x0000000020000000                __RAM1_segment_start__ = 0x20000000
                0x0000000020010000                __RAM1_segment_end__ = 0x20010000
                0x0000000000010000                __RAM1_segment_size__ = 0x10000
                0x0000000000000000                __FLASH1_segment_start__ = 0x0
                0x0000000000080000                __FLASH1_segment_end__ = 0x80000
                0x0000000000080000                __FLASH1_segment_size__ = 0x80000
                0x0000000000002000                __HEAPSIZE__ = 0x2000
                0x0000000000000000                __STACKSIZE_PROCESS__ = 0x0
                0x0000000000002000                __STACKSIZE__ = 0x2000
                0x0000000020000000                __vectors_ram_load_start__ = 0x20000000

.vectors_ram    0x0000000020000000        0x0
                0x0000000020000000                __vectors_ram_start__ = .
                0x0000000020000000                __app_ram_start__ = __vectors_ram_start__
 *(.vectors_ram .vectors_ram.*)
                0x0000000020000000                __vectors_ram_end__ = (__vectors_ram_start__ + SIZEOF (.vectors_ram))
                0x0000000000000000                __vectors_ram_size__ = SIZEOF (.vectors_ram)
                0x0000000020000000                __vectors_ram_load_end__ = __vectors_ram_end__
                0x0000000000000001                . = ASSERT (((__vectors_ram_start__ == __vectors_ram_end__) || ((__vectors_ram_end__ - __RAM1_segment_start__) <= __RAM1_segment_size__)), error: .vectors_ram is too large to fit in RAM1 memory segment)
                0x0000000020000000                __nrf_sections_run_load_start__ = ALIGN (__vectors_ram_end__, 0x4)

.nrf_sections_run
                0x0000000020000000        0x0
                0x0000000020000000                __nrf_sections_run_start__ = .
                0x0000000020000000                __start_nrf_sections_run = __nrf_sections_run_start__
 *(.nrf_sections_run .nrf_sections_run.*)
                0x0000000020000000                __nrf_sections_run_end__ = (__nrf_sections_run_start__ + SIZEOF (.nrf_sections_run))
                0x0000000000000000                __nrf_sections_run_size__ = SIZEOF (.nrf_sections_run)
                0x0000000020000000                __nrf_sections_run_load_end__ = __nrf_sections_run_end__
                0x0000000000000001                . = ASSERT (((__nrf_sections_run_start__ == __nrf_sections_run_end__) || ((__nrf_sections_run_end__ - __RAM1_segment_start__) <= __RAM1_segment_size__)), error: .nrf_sections_run is too large to fit in RAM1 memory segment)
                0x0000000000000000                __vectors_load_start__ = 0x0

.vectors        0x0000000000000000      0x200
                0x0000000000000000                __vectors_start__ = .
 *(.vectors .vectors.*)
 .vectors       0x0000000000000000      0x200 Output/Release/Obj/spi_pca10040/ses_startup_nrf52.o
                0x0000000000000000                _vectors
                0x0000000000000200                __vectors_end__ = (__vectors_start__ + SIZEOF (.vectors))
                0x0000000000000200                __vectors_size__ = SIZEOF (.vectors)
                0x0000000000000200                __vectors_load_end__ = __vectors_end__
                0x0000000000000001                . = ASSERT (((__vectors_start__ == __vectors_end__) || ((__vectors_end__ - __FLASH1_segment_start__) <= __FLASH1_segment_size__)), error: .vectors is too large to fit in FLASH1 memory segment)
                0x0000000000000200                __init_load_start__ = ALIGN (__vectors_end__, 0x4)

.init           0x0000000000000200      0x1d0
                0x0000000000000200                __init_start__ = .
 *(.init .init.*)
 .init          0x0000000000000200      0x15c Output/Release/Obj/spi_pca10040/thumb_crt0.o
                0x0000000000000200                _start
                0x00000000000002b4                exit
 .init          0x000000000000035c       0x18 Output/Release/Obj/spi_pca10040/ses_startup_nrf52.o
                0x000000000000035c                NMI_Handler
                0x000000000000035e                HardFault_Handler
                0x0000000000000360                MemoryManagement_Handler
                0x0000000000000362                BusFault_Handler
                0x0000000000000364                UsageFault_Handler
                0x0000000000000366                SVC_Handler
                0x0000000000000368                DebugMon_Handler
                0x000000000000036a                PendSV_Handler
                0x000000000000036c                SysTick_Handler
                0x000000000000036e                PWM1_IRQHandler
                0x000000000000036e                SWI0_EGU0_IRQHandler
                0x000000000000036e                POWER_CLOCK_IRQHandler
                0x000000000000036e                RADIO_IRQHandler
                0x000000000000036e                PDM_IRQHandler
                0x000000000000036e                TEMP_IRQHandler
                0x000000000000036e                QDEC_IRQHandler
                0x000000000000036e                RTC0_IRQHandler
                0x000000000000036e                FPU_IRQHandler
                0x000000000000036e                SWI2_EGU2_IRQHandler
                0x000000000000036e                TIMER4_IRQHandler
                0x000000000000036e                I2S_IRQHandler
                0x000000000000036e                SWI4_EGU4_IRQHandler
                0x000000000000036e                TIMER0_IRQHandler
                0x000000000000036e                Dummy_Handler
                0x000000000000036e                TIMER1_IRQHandler
                0x000000000000036e                PWM2_IRQHandler
                0x000000000000036e                ECB_IRQHandler
                0x000000000000036e                SPIM1_SPIS1_TWIM1_TWIS1_SPI1_TWI1_IRQHandler
                0x000000000000036e                SAADC_IRQHandler
                0x000000000000036e                CCM_AAR_IRQHandler
                0x000000000000036e                WDT_IRQHandler
                0x000000000000036e                TIMER3_IRQHandler
                0x000000000000036e                SWI5_EGU5_IRQHandler
                0x000000000000036e                RNG_IRQHandler
                0x000000000000036e                RTC2_IRQHandler
                0x000000000000036e                PWM0_IRQHandler
                0x000000000000036e                SWI3_EGU3_IRQHandler
                0x000000000000036e                SWI1_EGU1_IRQHandler
                0x000000000000036e                SPIM2_SPIS2_SPI2_IRQHandler
                0x000000000000036e                NFCT_IRQHandler
                0x000000000000036e                TIMER2_IRQHandler
                0x000000000000036e                MWU_IRQHandler
                0x000000000000036e                COMP_LPCOMP_IRQHandler
                0x0000000000000370                nRFInitialize
 .init          0x0000000000000374       0x5c Output/Release/Obj/spi_pca10040/ses_startup_nrf_common.o
                0x0000000000000374                Reset_Handler
                0x0000000000000378                afterInitialize
                0x000000000000039c                InitializeUserMemorySections
                0x00000000000003d0                __init_end__ = (__init_start__ + SIZEOF (.init))
                0x00000000000001d0                __init_size__ = SIZEOF (.init)
                0x00000000000003d0                __init_load_end__ = __init_end__
                0x0000000000000001                . = ASSERT (((__init_start__ == __init_end__) || ((__init_end__ - __FLASH1_segment_start__) <= __FLASH1_segment_size__)), error: .init is too large to fit in FLASH1 memory segment)
                0x00000000000003d0                __init_rodata_load_start__ = ALIGN (__init_end__, 0x4)

.init_rodata    0x00000000000003d0        0x0
                0x00000000000003d0                __init_rodata_start__ = .
 *(.init_rodata .init_rodata.*)
                0x00000000000003d0                __init_rodata_end__ = (__init_rodata_start__ + SIZEOF (.init_rodata))
                0x0000000000000000                __init_rodata_size__ = SIZEOF (.init_rodata)
                0x00000000000003d0                __init_rodata_load_end__ = __init_rodata_end__
                0x0000000000000001                . = ASSERT (((__init_rodata_start__ == __init_rodata_end__) || ((__init_rodata_end__ - __FLASH1_segment_start__) <= __FLASH1_segment_size__)), error: .init_rodata is too large to fit in FLASH1 memory segment)
                0x00000000000003d0                __text_load_start__ = ALIGN (__init_rodata_end__, 0x4)

.text           0x00000000000003d0     0x33b8
                0x00000000000003d0                __text_start__ = .
 *(.text .text.* .glue_7t .glue_7 .gnu.linkonce.t.* .gcc_except_table .ARM.extab* .gnu.linkonce.armextab.*)
 .glue_7        0x00000000000003d0        0x0 linker stubs
 .glue_7t       0x00000000000003d0        0x0 linker stubs
 .text.__aeabi_read_tp
                0x00000000000003d0        0x8 Output/Release/Obj/spi_pca10040/thumb_crt0.o
                0x00000000000003d0                __aeabi_read_tp
 .text.nrf_log_backend_serial_put
                0x00000000000003d8       0xc2 Output/Release/Obj/spi_pca10040/nrf_log_backend_serial.o
                0x00000000000003d8                nrf_log_backend_serial_put
 *fill*         0x000000000000049a        0x2 
 .text.uart_evt_handler
                0x000000000000049c        0xc Output/Release/Obj/spi_pca10040/nrf_log_backend_uart.o
 .text.nrf_log_backend_uart_flush
                0x00000000000004a8        0x2 Output/Release/Obj/spi_pca10040/nrf_log_backend_uart.o
 *fill*         0x00000000000004aa        0x2 
 .text.uart_init
                0x00000000000004ac       0x4c Output/Release/Obj/spi_pca10040/nrf_log_backend_uart.o
 .text.nrf_log_backend_uart_put
                0x00000000000004f8       0x1c Output/Release/Obj/spi_pca10040/nrf_log_backend_uart.o
 .text.serial_tx
                0x0000000000000514       0x48 Output/Release/Obj/spi_pca10040/nrf_log_backend_uart.o
 .text.nrf_log_backend_uart_panic_set
                0x000000000000055c       0x2c Output/Release/Obj/spi_pca10040/nrf_log_backend_uart.o
 .text.nrf_log_backend_uart_init
                0x0000000000000588        0x6 Output/Release/Obj/spi_pca10040/nrf_log_backend_uart.o
                0x0000000000000588                nrf_log_backend_uart_init
 *fill*         0x000000000000058e        0x2 
 .text.nrf_log_default_backends_init
                0x0000000000000590       0x20 Output/Release/Obj/spi_pca10040/nrf_log_default_backends.o
                0x0000000000000590                nrf_log_default_backends_init
 .text.invalid_packets_omit
                0x00000000000005b0       0x3a Output/Release/Obj/spi_pca10040/nrf_log_frontend.o
 *fill*         0x00000000000005ea        0x2 
 .text.buf_prealloc
                0x00000000000005ec      0x11c Output/Release/Obj/spi_pca10040/nrf_log_frontend.o
 .text.nrf_log_init
                0x0000000000000708       0x28 Output/Release/Obj/spi_pca10040/nrf_log_frontend.o
                0x0000000000000708                nrf_log_init
 .text.nrf_log_module_name_get
                0x0000000000000730       0x38 Output/Release/Obj/spi_pca10040/nrf_log_frontend.o
                0x0000000000000730                nrf_log_module_name_get
 .text.nrf_log_color_id_get
                0x0000000000000768       0x2c Output/Release/Obj/spi_pca10040/nrf_log_frontend.o
                0x0000000000000768                nrf_log_color_id_get
 .text.log_pending_hook
                0x0000000000000794        0x2 Output/Release/Obj/spi_pca10040/nrf_log_frontend.o
                0x0000000000000794                log_pending_hook
 *fill*         0x0000000000000796        0x2 
 .text.buffer_is_empty
                0x0000000000000798       0x14 Output/Release/Obj/spi_pca10040/nrf_log_frontend.o
                0x0000000000000798                buffer_is_empty
 .text.nrf_log_frontend_dequeue
                0x00000000000007ac      0x200 Output/Release/Obj/spi_pca10040/nrf_log_frontend.o
                0x00000000000007ac                nrf_log_frontend_dequeue
 .text.std_n    0x00000000000009ac       0x90 Output/Release/Obj/spi_pca10040/nrf_log_frontend.o
 .text.nrf_log_frontend_std_0
                0x0000000000000a3c        0x8 Output/Release/Obj/spi_pca10040/nrf_log_frontend.o
                0x0000000000000a3c                nrf_log_frontend_std_0
 .text.nrf_log_frontend_std_1
                0x0000000000000a44       0x12 Output/Release/Obj/spi_pca10040/nrf_log_frontend.o
                0x0000000000000a44                nrf_log_frontend_std_1
 .text.nrf_log_frontend_std_3
                0x0000000000000a56       0x18 Output/Release/Obj/spi_pca10040/nrf_log_frontend.o
                0x0000000000000a56                nrf_log_frontend_std_3
 *fill*         0x0000000000000a6e        0x2 
 .text.nrf_log_frontend_hexdump
                0x0000000000000a70       0xb4 Output/Release/Obj/spi_pca10040/nrf_log_frontend.o
                0x0000000000000a70                nrf_log_frontend_hexdump
 .text.nrf_log_backend_add
                0x0000000000000b24       0x44 Output/Release/Obj/spi_pca10040/nrf_log_frontend.o
                0x0000000000000b24                nrf_log_backend_add
 .text.nrf_log_panic
                0x0000000000000b68       0x28 Output/Release/Obj/spi_pca10040/nrf_log_frontend.o
                0x0000000000000b68                nrf_log_panic
 .text.prefix_process
                0x0000000000000b90       0x7c Output/Release/Obj/spi_pca10040/nrf_log_str_formatter.o
 .text.postfix_process
                0x0000000000000c0c       0x44 Output/Release/Obj/spi_pca10040/nrf_log_str_formatter.o
 .text.nrf_log_std_entry_process
                0x0000000000000c50       0xc8 Output/Release/Obj/spi_pca10040/nrf_log_str_formatter.o
                0x0000000000000c50                nrf_log_std_entry_process
 .text.nrf_log_hexdump_entry_process
                0x0000000000000d18       0xc0 Output/Release/Obj/spi_pca10040/nrf_log_str_formatter.o
                0x0000000000000d18                nrf_log_hexdump_entry_process
 .text.bsp_board_led_off
                0x0000000000000dd8       0x18 Output/Release/Obj/spi_pca10040/boards.o
                0x0000000000000dd8                bsp_board_led_off
 .text.bsp_board_leds_off
                0x0000000000000df0       0x1e Output/Release/Obj/spi_pca10040/boards.o
                0x0000000000000df0                bsp_board_leds_off
 *fill*         0x0000000000000e0e        0x2 
 .text.bsp_board_led_invert
                0x0000000000000e10       0x24 Output/Release/Obj/spi_pca10040/boards.o
                0x0000000000000e10                bsp_board_led_invert
 .text.bsp_board_init
                0x0000000000000e34       0x3e Output/Release/Obj/spi_pca10040/boards.o
                0x0000000000000e34                bsp_board_init
 .text.app_error_handler_bare
                0x0000000000000e72       0x1a Output/Release/Obj/spi_pca10040/app_error.o
                0x0000000000000e72                app_error_handler_bare
 .text.app_error_fault_handler
                0x0000000000000e8c       0x6c Output/Release/Obj/spi_pca10040/app_error_weak.o
                0x0000000000000e8c                app_error_fault_handler
 .text.app_util_disable_irq
                0x0000000000000ef8       0x10 Output/Release/Obj/spi_pca10040/app_util_platform.o
                0x0000000000000ef8                app_util_disable_irq
 .text.app_util_enable_irq
                0x0000000000000f08       0x14 Output/Release/Obj/spi_pca10040/app_util_platform.o
                0x0000000000000f08                app_util_enable_irq
 .text.app_util_critical_region_enter
                0x0000000000000f1c        0x4 Output/Release/Obj/spi_pca10040/app_util_platform.o
                0x0000000000000f1c                app_util_critical_region_enter
 .text.app_util_critical_region_exit
                0x0000000000000f20        0x4 Output/Release/Obj/spi_pca10040/app_util_platform.o
                0x0000000000000f20                app_util_critical_region_exit
 .text.RTC1_IRQHandler
                0x0000000000000f24       0x14 Output/Release/Obj/spi_pca10040/drv_rtc.o
                0x0000000000000f24                RTC1_IRQHandler
 .text.nrf_atomic_u32_fetch_store
                0x0000000000000f38       0x16 Output/Release/Obj/spi_pca10040/nrf_atomic.o
                0x0000000000000f38                nrf_atomic_u32_fetch_store
 .text.nrf_atomic_u32_or
                0x0000000000000f4e       0x18 Output/Release/Obj/spi_pca10040/nrf_atomic.o
                0x0000000000000f4e                nrf_atomic_u32_or
 .text.nrf_atomic_u32_fetch_and
                0x0000000000000f66       0x18 Output/Release/Obj/spi_pca10040/nrf_atomic.o
                0x0000000000000f66                nrf_atomic_u32_fetch_and
 .text.nrf_atomic_u32_add
                0x0000000000000f7e       0x18 Output/Release/Obj/spi_pca10040/nrf_atomic.o
                0x0000000000000f7e                nrf_atomic_u32_add
 .text.nrf_atomic_u32_sub
                0x0000000000000f96       0x18 Output/Release/Obj/spi_pca10040/nrf_atomic.o
                0x0000000000000f96                nrf_atomic_u32_sub
 .text.nrf_atomic_flag_set
                0x0000000000000fae        0x6 Output/Release/Obj/spi_pca10040/nrf_atomic.o
                0x0000000000000fae                nrf_atomic_flag_set
 .text.nrf_atomic_flag_clear_fetch
                0x0000000000000fb4        0x6 Output/Release/Obj/spi_pca10040/nrf_atomic.o
                0x0000000000000fb4                nrf_atomic_flag_clear_fetch
 .text.nrf_balloc_init
                0x0000000000000fba       0x2e Output/Release/Obj/spi_pca10040/nrf_balloc.o
                0x0000000000000fba                nrf_balloc_init
 .text.nrf_balloc_alloc
                0x0000000000000fe8       0x40 Output/Release/Obj/spi_pca10040/nrf_balloc.o
                0x0000000000000fe8                nrf_balloc_alloc
 .text.nrf_balloc_free
                0x0000000000001028       0x2a Output/Release/Obj/spi_pca10040/nrf_balloc.o
                0x0000000000001028                nrf_balloc_free
 .text.nrf_fprintf_buffer_flush
                0x0000000000001052       0x16 Output/Release/Obj/spi_pca10040/nrf_fprintf.o
                0x0000000000001052                nrf_fprintf_buffer_flush
 .text.nrf_fprintf
                0x0000000000001068       0x1c Output/Release/Obj/spi_pca10040/nrf_fprintf.o
                0x0000000000001068                nrf_fprintf
 .text.buffer_add
                0x0000000000001084       0x2e Output/Release/Obj/spi_pca10040/nrf_fprintf_format.o
 *fill*         0x00000000000010b2        0x2 
 .text.unsigned_print
                0x00000000000010b4       0xb4 Output/Release/Obj/spi_pca10040/nrf_fprintf_format.o
 .text.nrf_fprintf_fmt
                0x0000000000001168      0x294 Output/Release/Obj/spi_pca10040/nrf_fprintf_format.o
                0x0000000000001168                nrf_fprintf_fmt
 .text.memobj_op
                0x00000000000013fc       0x86 Output/Release/Obj/spi_pca10040/nrf_memobj.o
 .text.nrf_memobj_pool_init
                0x0000000000001482        0x4 Output/Release/Obj/spi_pca10040/nrf_memobj.o
                0x0000000000001482                nrf_memobj_pool_init
 .text.nrf_memobj_free
                0x0000000000001486       0x2c Output/Release/Obj/spi_pca10040/nrf_memobj.o
                0x0000000000001486                nrf_memobj_free
 .text.nrf_memobj_alloc
                0x00000000000014b2       0x5e Output/Release/Obj/spi_pca10040/nrf_memobj.o
                0x00000000000014b2                nrf_memobj_alloc
 .text.nrf_memobj_get
                0x0000000000001510        0x8 Output/Release/Obj/spi_pca10040/nrf_memobj.o
                0x0000000000001510                nrf_memobj_get
 .text.nrf_memobj_put
                0x0000000000001518       0x1c Output/Release/Obj/spi_pca10040/nrf_memobj.o
                0x0000000000001518                nrf_memobj_put
 .text.nrf_memobj_write
                0x0000000000001534       0x14 Output/Release/Obj/spi_pca10040/nrf_memobj.o
                0x0000000000001534                nrf_memobj_write
 .text.nrf_memobj_read
                0x0000000000001548       0x14 Output/Release/Obj/spi_pca10040/nrf_memobj.o
                0x0000000000001548                nrf_memobj_read
 .text.nrf_ringbuf_init
                0x000000000000155c       0x12 Output/Release/Obj/spi_pca10040/nrf_ringbuf.o
                0x000000000000155c                nrf_ringbuf_init
 *fill*         0x000000000000156e        0x2 
 .text.spim_evt_handler
                0x0000000000001570       0x3c Output/Release/Obj/spi_pca10040/nrf_drv_spi.o
 .text.nrf_drv_spi_init
                0x00000000000015ac       0x64 Output/Release/Obj/spi_pca10040/nrf_drv_spi.o
                0x00000000000015ac                nrf_drv_spi_init
 .text.uarte_evt_handler
                0x0000000000001610       0x34 Output/Release/Obj/spi_pca10040/nrf_drv_uart.o
 .text.uart_evt_handler
                0x0000000000001644       0x34 Output/Release/Obj/spi_pca10040/nrf_drv_uart.o
 .text.nrf_drv_uart_init
                0x0000000000001678       0x7c Output/Release/Obj/spi_pca10040/nrf_drv_uart.o
                0x0000000000001678                nrf_drv_uart_init
 .text.nrf_gpiote_event_clear
                0x00000000000016f4       0x18 Output/Release/Obj/spi_pca10040/nrfx_gpiote.o
 .text.nrf_gpio_cfg_sense_set
                0x000000000000170c       0x20 Output/Release/Obj/spi_pca10040/nrfx_gpiote.o
 .text.GPIOTE_IRQHandler
                0x000000000000172c      0x14c Output/Release/Obj/spi_pca10040/nrfx_gpiote.o
                0x000000000000172c                GPIOTE_IRQHandler
 .text.UARTE0_UART0_IRQHandler
                0x0000000000001878        0xc Output/Release/Obj/spi_pca10040/nrfx_prs.o
                0x0000000000001878                UARTE0_UART0_IRQHandler
 .text.nrfx_prs_acquire
                0x0000000000001884       0x38 Output/Release/Obj/spi_pca10040/nrfx_prs.o
                0x0000000000001884                nrfx_prs_acquire
 .text.nrfx_prs_release
                0x00000000000018bc       0x18 Output/Release/Obj/spi_pca10040/nrfx_prs.o
                0x00000000000018bc                nrfx_prs_release
 .text.SPIM0_SPIS0_TWIM0_TWIS0_SPI0_TWI0_IRQHandler
                0x00000000000018d4       0x58 Output/Release/Obj/spi_pca10040/nrfx_spim.o
                0x00000000000018d4                SPIM0_SPIS0_TWIM0_TWIS0_SPI0_TWI0_IRQHandler
 .text.nrfx_spim_init
                0x000000000000192c      0x1ac Output/Release/Obj/spi_pca10040/nrfx_spim.o
                0x000000000000192c                nrfx_spim_init
 .text.nrfx_spim_xfer
                0x0000000000001ad8      0x128 Output/Release/Obj/spi_pca10040/nrfx_spim.o
                0x0000000000001ad8                nrfx_spim_xfer
 .text.nrf_uart_event_clear
                0x0000000000001c00       0x10 Output/Release/Obj/spi_pca10040/nrfx_uart.o
 .text.tx_byte  0x0000000000001c10       0x1e Output/Release/Obj/spi_pca10040/nrfx_uart.o
 .text.rx_byte  0x0000000000001c2e       0x2c Output/Release/Obj/spi_pca10040/nrfx_uart.o
 *fill*         0x0000000000001c5a        0x2 
 .text.rx_done_event.constprop.0
                0x0000000000001c5c       0x20 Output/Release/Obj/spi_pca10040/nrfx_uart.o
 .text.nrfx_uart_0_irq_handler
                0x0000000000001c7c      0x140 Output/Release/Obj/spi_pca10040/nrfx_uart.o
                0x0000000000001c7c                nrfx_uart_0_irq_handler
 .text.nrfx_uart_init
                0x0000000000001dbc      0x168 Output/Release/Obj/spi_pca10040/nrfx_uart.o
                0x0000000000001dbc                nrfx_uart_init
 .text.nrfx_uart_uninit
                0x0000000000001f24       0xd4 Output/Release/Obj/spi_pca10040/nrfx_uart.o
                0x0000000000001f24                nrfx_uart_uninit
 .text.nrfx_uart_tx_in_progress
                0x0000000000001ff8       0x18 Output/Release/Obj/spi_pca10040/nrfx_uart.o
                0x0000000000001ff8                nrfx_uart_tx_in_progress
 .text.nrfx_uart_tx
                0x0000000000002010       0xa0 Output/Release/Obj/spi_pca10040/nrfx_uart.o
                0x0000000000002010                nrfx_uart_tx
 .text.nrf_uarte_event_clear
                0x00000000000020b0       0x10 Output/Release/Obj/spi_pca10040/nrfx_uarte.o
 .text.rx_done_event.constprop.0
                0x00000000000020c0       0x20 Output/Release/Obj/spi_pca10040/nrfx_uarte.o
 .text.nrfx_uarte_0_irq_handler
                0x00000000000020e0      0x118 Output/Release/Obj/spi_pca10040/nrfx_uarte.o
                0x00000000000020e0                nrfx_uarte_0_irq_handler
 .text.nrfx_uarte_init
                0x00000000000021f8      0x184 Output/Release/Obj/spi_pca10040/nrfx_uarte.o
                0x00000000000021f8                nrfx_uarte_init
 .text.nrfx_uarte_uninit
                0x000000000000237c      0x120 Output/Release/Obj/spi_pca10040/nrfx_uarte.o
                0x000000000000237c                nrfx_uarte_uninit
 .text.nrfx_uarte_tx_in_progress
                0x000000000000249c       0x18 Output/Release/Obj/spi_pca10040/nrfx_uarte.o
                0x000000000000249c                nrfx_uarte_tx_in_progress
 .text.nrfx_uarte_tx
                0x00000000000024b4       0x9c Output/Release/Obj/spi_pca10040/nrfx_uarte.o
                0x00000000000024b4                nrfx_uarte_tx
 .text.spi_event_handler
                0x0000000000002550        0xc Output/Release/Obj/spi_pca10040/main.o
                0x0000000000002550                spi_event_handler
 .text.nrf_delay_ms.part.0
                0x000000000000255c       0x1c Output/Release/Obj/spi_pca10040/main.o
 .text.spi_init
                0x0000000000002578       0x44 Output/Release/Obj/spi_pca10040/main.o
                0x0000000000002578                spi_init
 .text.readRegisterN
                0x00000000000025bc       0x50 Output/Release/Obj/spi_pca10040/main.o
                0x00000000000025bc                readRegisterN
 .text.readRegister8
                0x000000000000260c       0x1c Output/Release/Obj/spi_pca10040/main.o
                0x000000000000260c                readRegister8
 .text.readFault
                0x0000000000002628        0x6 Output/Release/Obj/spi_pca10040/main.o
                0x0000000000002628                readFault
 .text.readRegister16
                0x000000000000262e       0x1e Output/Release/Obj/spi_pca10040/main.o
                0x000000000000262e                readRegister16
 .text.writeRegister8
                0x000000000000264c       0x4c Output/Release/Obj/spi_pca10040/main.o
                0x000000000000264c                writeRegister8
 .text.setWires
                0x0000000000002698       0x26 Output/Release/Obj/spi_pca10040/main.o
                0x0000000000002698                setWires
 .text.enableBias
                0x00000000000026be       0x22 Output/Release/Obj/spi_pca10040/main.o
                0x00000000000026be                enableBias
 .text.autoConvert
                0x00000000000026e0       0x22 Output/Release/Obj/spi_pca10040/main.o
                0x00000000000026e0                autoConvert
 .text.clearFault
                0x0000000000002702       0x1a Output/Release/Obj/spi_pca10040/main.o
                0x0000000000002702                clearFault
 .text.begin    0x000000000000271c       0x3c Output/Release/Obj/spi_pca10040/main.o
                0x000000000000271c                begin
 .text.readRTD  0x0000000000002758       0x3e Output/Release/Obj/spi_pca10040/main.o
                0x0000000000002758                readRTD
 *fill*         0x0000000000002796        0x2 
 .text.temperature
                0x0000000000002798      0x1c8 Output/Release/Obj/spi_pca10040/main.o
                0x0000000000002798                temperature
 .text.startup.main
                0x0000000000002960      0x12c Output/Release/Obj/spi_pca10040/main.o
                0x0000000000002960                main
 .text.nrf52_errata_12
                0x0000000000002a8c       0x1c Output/Release/Obj/spi_pca10040/system_nrf52.o
 .text.nrf52_errata_16
                0x0000000000002aa8       0x28 Output/Release/Obj/spi_pca10040/system_nrf52.o
 .text.nrf52_errata_36
                0x0000000000002ad0       0x26 Output/Release/Obj/spi_pca10040/system_nrf52.o
 *fill*         0x0000000000002af6        0x2 
 .text.nvmc_wait
                0x0000000000002af8       0x10 Output/Release/Obj/spi_pca10040/system_nrf52.o
                0x0000000000002af8                nvmc_wait
 .text.SystemInit
                0x0000000000002b08      0x2ac Output/Release/Obj/spi_pca10040/system_nrf52.o
                0x0000000000002b08                SystemInit
 .text.__aeabi_dadd
                0x0000000000002db4      0x244 C:/Program Files/SEGGER/SEGGER Embedded Studio for ARM 5.70a/lib/libm_v7em_fpv4_sp_d16_hard_t_le_eabi.a(libm_asm.o)
                0x0000000000002db4                __aeabi_dadd
 .text.__aeabi_dsub
                0x0000000000002ff8        0x8 C:/Program Files/SEGGER/SEGGER Embedded Studio for ARM 5.70a/lib/libm_v7em_fpv4_sp_d16_hard_t_le_eabi.a(libm_asm.o)
                0x0000000000002ff8                __aeabi_dsub
 .text.__aeabi_dmul
                0x0000000000003000      0x138 C:/Program Files/SEGGER/SEGGER Embedded Studio for ARM 5.70a/lib/libm_v7em_fpv4_sp_d16_hard_t_le_eabi.a(libm_asm.o)
                0x0000000000003000                __aeabi_dmul
 .text.__aeabi_ddiv
                0x0000000000003138      0x1cc C:/Program Files/SEGGER/SEGGER Embedded Studio for ARM 5.70a/lib/libm_v7em_fpv4_sp_d16_hard_t_le_eabi.a(libm_asm.o)
                0x0000000000003138                __aeabi_ddiv
 .text.__aeabi_dcmpeq
                0x0000000000003304       0x34 C:/Program Files/SEGGER/SEGGER Embedded Studio for ARM 5.70a/lib/libm_v7em_fpv4_sp_d16_hard_t_le_eabi.a(libm_asm.o)
                0x0000000000003304                __aeabi_dcmpeq
 .text.__aeabi_dcmplt
                0x0000000000003338       0x38 C:/Program Files/SEGGER/SEGGER Embedded Studio for ARM 5.70a/lib/libm_v7em_fpv4_sp_d16_hard_t_le_eabi.a(libm_asm.o)
                0x0000000000003338                __aeabi_dcmplt
 .text.__aeabi_f2d
                0x0000000000003370       0x34 C:/Program Files/SEGGER/SEGGER Embedded Studio for ARM 5.70a/lib/libm_v7em_fpv4_sp_d16_hard_t_le_eabi.a(libm_asm.o)
                0x0000000000003370                __aeabi_f2d
 .text.__aeabi_d2f
                0x00000000000033a4       0x54 C:/Program Files/SEGGER/SEGGER Embedded Studio for ARM 5.70a/lib/libm_v7em_fpv4_sp_d16_hard_t_le_eabi.a(libm_asm.o)
                0x00000000000033a4                __aeabi_d2f
 .text.__float64_isfinite
                0x00000000000033f8       0x14 C:/Program Files/SEGGER/SEGGER Embedded Studio for ARM 5.70a/lib/libm_v7em_fpv4_sp_d16_hard_t_le_eabi.a(libm_asm.o)
                0x00000000000033f8                __float64_isfinite
 .text.libc.frexp
                0x000000000000340c       0x50 C:/Program Files/SEGGER/SEGGER Embedded Studio for ARM 5.70a/lib/libm_v7em_fpv4_sp_d16_hard_t_le_eabi.a(libm2.o)
                0x000000000000340c                frexpl(long double, int*)
                0x000000000000340c                frexpl
                0x000000000000340c                frexp
                0x000000000000340c                frexp(double, int*)
 *fill*         0x000000000000345c        0x4 
 .text.libc.ldexp
                0x0000000000003460       0x7c C:/Program Files/SEGGER/SEGGER Embedded Studio for ARM 5.70a/lib/libm_v7em_fpv4_sp_d16_hard_t_le_eabi.a(libm2.o)
                0x0000000000003460                ldexpl(long double, int)
                0x0000000000003460                ldexp
                0x0000000000003460                ldexpl
                0x0000000000003460                ldexp(double, int)
 *fill*         0x00000000000034dc        0x4 
 .text.libc.sqrt
                0x00000000000034e0      0x134 C:/Program Files/SEGGER/SEGGER Embedded Studio for ARM 5.70a/lib/libm_v7em_fpv4_sp_d16_hard_t_le_eabi.a(libm2.o)
                0x00000000000034e0                sqrtl
                0x00000000000034e0                sqrtl(long double)
                0x00000000000034e0                sqrt(double)
                0x00000000000034e0                sqrt
 .text.libc.__RAL_ascii_isctype
                0x0000000000003614       0x1c C:/Program Files/SEGGER/SEGGER Embedded Studio for ARM 5.70a/lib/libc_v7em_fpv4_sp_d16_hard_t_le_eabi.a(libc2.o)
 .text.libc.__RAL_ascii_toupper
                0x0000000000003630        0xc C:/Program Files/SEGGER/SEGGER Embedded Studio for ARM 5.70a/lib/libc_v7em_fpv4_sp_d16_hard_t_le_eabi.a(libc2.o)
 .text.libc.__RAL_ascii_tolower
                0x000000000000363c        0xc C:/Program Files/SEGGER/SEGGER Embedded Studio for ARM 5.70a/lib/libc_v7em_fpv4_sp_d16_hard_t_le_eabi.a(libc2.o)
 .text.libc.__RAL_ascii_wctomb
                0x0000000000003648       0x10 C:/Program Files/SEGGER/SEGGER Embedded Studio for ARM 5.70a/lib/libc_v7em_fpv4_sp_d16_hard_t_le_eabi.a(libc2.o)
                0x0000000000003648                __RAL_ascii_wctomb
 .text.libc.__RAL_ascii_mbtowc
                0x0000000000003658       0x24 C:/Program Files/SEGGER/SEGGER Embedded Studio for ARM 5.70a/lib/libc_v7em_fpv4_sp_d16_hard_t_le_eabi.a(libc2.o)
                0x0000000000003658                __RAL_ascii_mbtowc
 .text.libc.__RAL_ascii_towupper
                0x000000000000367c        0xc C:/Program Files/SEGGER/SEGGER Embedded Studio for ARM 5.70a/lib/libc_v7em_fpv4_sp_d16_hard_t_le_eabi.a(libc2.o)
 .text.libc.__RAL_ascii_towlower
                0x0000000000003688        0xc C:/Program Files/SEGGER/SEGGER Embedded Studio for ARM 5.70a/lib/libc_v7em_fpv4_sp_d16_hard_t_le_eabi.a(libc2.o)
 .text.libc.__RAL_ascii_iswctype
                0x0000000000003694       0x1c C:/Program Files/SEGGER/SEGGER Embedded Studio for ARM 5.70a/lib/libc_v7em_fpv4_sp_d16_hard_t_le_eabi.a(libc2.o)
 .text.libc.isprint
                0x00000000000036b0       0x10 C:/Program Files/SEGGER/SEGGER Embedded Studio for ARM 5.70a/lib/libc_v7em_fpv4_sp_d16_hard_t_le_eabi.a(libc2.o)
                0x00000000000036b0                isprint
 .text.libc.__aeabi_errno_addr
                0x00000000000036c0       0x14 C:/Program Files/SEGGER/SEGGER Embedded Studio for ARM 5.70a/lib/libc_v7em_fpv4_sp_d16_hard_t_le_eabi.a(libc2.o)
                0x00000000000036c0                __aeabi_errno_addr
 .text.libc.memcpy
                0x00000000000036d4       0x52 C:/Program Files/SEGGER/SEGGER Embedded Studio for ARM 5.70a/lib/libc_v7em_fpv4_sp_d16_hard_t_le_eabi.a(libc2_asm.o)
                0x00000000000036d4                __aeabi_memcpy
                0x00000000000036d4                memcpy
                0x00000000000036e0                __aeabi_memcpy8
                0x00000000000036e0                __aeabi_memcpy4
 .text.libc.strlen
                0x0000000000003726       0x60 C:/Program Files/SEGGER/SEGGER Embedded Studio for ARM 5.70a/lib/libc_v7em_fpv4_sp_d16_hard_t_le_eabi.a(libc2_asm.o)
                0x0000000000003726                strlen
                0x0000000000003788                . = ALIGN (MAX ((__text_start__ + 0x4), .), 0x4)
 *fill*         0x0000000000003786        0x2 
                0x0000000000003788                __text_end__ = (__text_start__ + SIZEOF (.text))
                0x00000000000033b8                __text_size__ = SIZEOF (.text)
                0x0000000000003788                __text_load_end__ = __text_end__

.vfp11_veneer   0x0000000100000000        0x0
 .vfp11_veneer  0x0000000100000000        0x0 linker stubs

.v4_bx          0x0000000100000000        0x0
 .v4_bx         0x0000000100000000        0x0 linker stubs

.iplt           0x0000000100000000        0x0
 .iplt          0x0000000100000000        0x0 Output/Release/Obj/spi_pca10040/thumb_crt0.o
                0x0000000000000001                . = ASSERT (((__text_start__ == __text_end__) || ((__text_end__ - __FLASH1_segment_start__) <= __FLASH1_segment_size__)), error: .text is too large to fit in FLASH1 memory segment)
                0x0000000000003788                __log_const_data_load_start__ = ALIGN (__text_end__, 0x4)

.log_const_data
                0x0000000000003788       0x48
                0x0000000000003788                __log_const_data_start__ = .
                0x0000000000003788                __start_log_const_data = __log_const_data_start__
 *(SORT_BY_NAME(.log_const_data*))
 .log_const_data_GPIOTE
                0x0000000000003788        0x8 Output/Release/Obj/spi_pca10040/nrfx_gpiote.o
                0x0000000000003788                m_nrf_log_GPIOTE_logs_data_const
 .log_const_data_PRS
                0x0000000000003790        0x8 Output/Release/Obj/spi_pca10040/nrfx_prs.o
                0x0000000000003790                m_nrf_log_PRS_logs_data_const
 .log_const_data_SPIM
                0x0000000000003798        0x8 Output/Release/Obj/spi_pca10040/nrfx_spim.o
                0x0000000000003798                m_nrf_log_SPIM_logs_data_const
 .log_const_data_UART
                0x00000000000037a0        0x8 Output/Release/Obj/spi_pca10040/nrfx_uart.o
                0x00000000000037a0                m_nrf_log_UART_logs_data_const
 .log_const_data_UARTE
                0x00000000000037a8        0x8 Output/Release/Obj/spi_pca10040/nrfx_uarte.o
                0x00000000000037a8                m_nrf_log_UARTE_logs_data_const
 .log_const_data_app
                0x00000000000037b0        0x8 Output/Release/Obj/spi_pca10040/nrf_log_frontend.o
                0x00000000000037b0                m_nrf_log_app_logs_data_const
 .log_const_data_app_button
                0x00000000000037b8        0x8 Output/Release/Obj/spi_pca10040/app_button.o
                0x00000000000037b8                m_nrf_log_app_button_logs_data_const
 .log_const_data_app_timer
                0x00000000000037c0        0x8 Output/Release/Obj/spi_pca10040/app_timer2.o
                0x00000000000037c0                m_nrf_log_app_timer_logs_data_const
 .log_const_data_sortlist
                0x00000000000037c8        0x8 Output/Release/Obj/spi_pca10040/nrf_sortlist.o
                0x00000000000037c8                m_nrf_log_sortlist_logs_data_const
                0x00000000000037d0                __log_const_data_end__ = (__log_const_data_start__ + SIZEOF (.log_const_data))
                0x0000000000000048                __log_const_data_size__ = SIZEOF (.log_const_data)
                0x00000000000037d0                __stop_log_const_data = __log_const_data_end__
                0x00000000000037d0                __log_const_data_load_end__ = __log_const_data_end__
                0x0000000000000001                . = ASSERT (((__log_const_data_start__ == __log_const_data_end__) || ((__log_const_data_end__ - __FLASH1_segment_start__) <= __FLASH1_segment_size__)), error: .log_const_data is too large to fit in FLASH1 memory segment)
                0x00000000000037d0                __log_backends_load_start__ = ALIGN (__log_const_data_end__, 0x4)

.log_backends   0x00000000000037d0       0x10
                0x00000000000037d0                __log_backends_start__ = .
                0x00000000000037d0                __start_log_backends = __log_backends_start__
 *(SORT_BY_NAME(.log_backends*))
 .log_backends  0x00000000000037d0       0x10 Output/Release/Obj/spi_pca10040/nrf_log_default_backends.o
                0x00000000000037e0                __log_backends_end__ = (__log_backends_start__ + SIZEOF (.log_backends))
                0x0000000000000010                __log_backends_size__ = SIZEOF (.log_backends)
                0x00000000000037e0                __stop_log_backends = __log_backends_end__
                0x00000000000037e0                __log_backends_load_end__ = __log_backends_end__
                0x0000000000000001                . = ASSERT (((__log_backends_start__ == __log_backends_end__) || ((__log_backends_end__ - __FLASH1_segment_start__) <= __FLASH1_segment_size__)), error: .log_backends is too large to fit in FLASH1 memory segment)
                0x00000000000037e0                __nrf_balloc_load_start__ = ALIGN (__log_backends_end__, 0x4)

.nrf_balloc     0x00000000000037e0       0x14
                0x00000000000037e0                __nrf_balloc_start__ = .
                0x00000000000037e0                __start_nrf_balloc = __nrf_balloc_start__
 *(.nrf_balloc*)
 .nrf_balloc    0x00000000000037e0       0x14 Output/Release/Obj/spi_pca10040/nrf_log_frontend.o
                0x00000000000037e0                log_mempool
                0x00000000000037f4                __nrf_balloc_end__ = (__nrf_balloc_start__ + SIZEOF (.nrf_balloc))
                0x0000000000000014                __nrf_balloc_size__ = SIZEOF (.nrf_balloc)
                0x00000000000037f4                __stop_nrf_balloc = __nrf_balloc_end__
                0x00000000000037f4                __nrf_balloc_load_end__ = __nrf_balloc_end__
                0x0000000000000001                . = ASSERT (((__nrf_balloc_start__ == __nrf_balloc_end__) || ((__nrf_balloc_end__ - __FLASH1_segment_start__) <= __FLASH1_segment_size__)), error: .nrf_balloc is too large to fit in FLASH1 memory segment)
                0x00000000000037f4                __nrf_sections_load_start__ = ALIGN (__nrf_balloc_end__, 0x4)

.nrf_sections   0x00000000000037f4        0x0
                0x00000000000037f4                __nrf_sections_start__ = .
                0x00000000000037f4                __start_nrf_sections = __nrf_sections_start__
 *(.nrf_sections .nrf_sections.*)
                0x00000000000037f4                __nrf_sections_end__ = (__nrf_sections_start__ + SIZEOF (.nrf_sections))
                0x0000000000000000                __nrf_sections_size__ = SIZEOF (.nrf_sections)
                0x00000000000037f4                __nrf_sections_load_end__ = __nrf_sections_end__
                0x0000000000000001                . = ASSERT (((__nrf_sections_start__ == __nrf_sections_end__) || ((__nrf_sections_end__ - __FLASH1_segment_start__) <= __FLASH1_segment_size__)), error: .nrf_sections is too large to fit in FLASH1 memory segment)
                0x00000000000037f4                __log_dynamic_data_load_start__ = ALIGN (__nrf_sections_end__, 0x4)

.log_dynamic_data
                0x0000000020000000        0x0 load address 0x00000000000037f4
                0x0000000020000000                __log_dynamic_data_start__ = .
 *(SORT_BY_NAME(.log_dynamic_data*))
                0x0000000020000000                __log_dynamic_data_end__ = (__log_dynamic_data_start__ + SIZEOF (.log_dynamic_data))
                0x0000000000000000                __log_dynamic_data_size__ = SIZEOF (.log_dynamic_data)
                0x00000000000037f4                __log_dynamic_data_load_end__ = (__log_dynamic_data_load_start__ + SIZEOF (.log_dynamic_data))
                0x0000000000000001                . = ASSERT (((__log_dynamic_data_load_start__ == __log_dynamic_data_load_end__) || ((__log_dynamic_data_load_end__ - __FLASH1_segment_start__) <= __FLASH1_segment_size__)), error: .log_dynamic_data is too large to fit in FLASH1 memory segment)

.log_dynamic_data_run
                0x0000000020000000        0x0
                0x0000000020000000                __log_dynamic_data_run_start__ = .
                0x0000000020000000                __start_log_dynamic_data = __log_dynamic_data_run_start__
                0x0000000020000000                __log_dynamic_data_run_end__ = (__log_dynamic_data_run_start__ + SIZEOF (.log_dynamic_data))
                0x0000000000000000                __log_dynamic_data_run_size__ = (__log_dynamic_data_run_end__ - __log_dynamic_data_run_start__)
                0x0000000020000000                __stop_log_dynamic_data = __log_dynamic_data_run_end__
                0x0000000020000000                __log_dynamic_data_run_load_end__ = __log_dynamic_data_run_end__
                0x0000000000000001                . = ASSERT (((__log_dynamic_data_run_start__ == __log_dynamic_data_run_end__) || ((__log_dynamic_data_run_end__ - __RAM1_segment_start__) <= __RAM1_segment_size__)), error: .log_dynamic_data_run is too large to fit in RAM1 memory segment)
                0x00000000000037f4                __log_filter_data_load_start__ = ALIGN ((__log_dynamic_data_load_start__ + SIZEOF (.log_dynamic_data)), 0x4)

.log_filter_data
                0x0000000020000000        0x0 load address 0x00000000000037f4
                0x0000000020000000                __log_filter_data_start__ = .
 *(SORT_BY_NAME(.log_filter_data*))
                0x0000000020000000                __log_filter_data_end__ = (__log_filter_data_start__ + SIZEOF (.log_filter_data))
                0x0000000000000000                __log_filter_data_size__ = SIZEOF (.log_filter_data)
                0x00000000000037f4                __log_filter_data_load_end__ = (__log_filter_data_load_start__ + SIZEOF (.log_filter_data))
                0x0000000000000001                . = ASSERT (((__log_filter_data_load_start__ == __log_filter_data_load_end__) || ((__log_filter_data_load_end__ - __FLASH1_segment_start__) <= __FLASH1_segment_size__)), error: .log_filter_data is too large to fit in FLASH1 memory segment)

.log_filter_data_run
                0x0000000020000000        0x0
                0x0000000020000000                __log_filter_data_run_start__ = .
                0x0000000020000000                __start_log_filter_data = __log_filter_data_run_start__
                0x0000000020000000                __log_filter_data_run_end__ = (__log_filter_data_run_start__ + SIZEOF (.log_filter_data))
                0x0000000000000000                __log_filter_data_run_size__ = (__log_filter_data_run_end__ - __log_filter_data_run_start__)
                0x0000000020000000                __stop_log_filter_data = __log_filter_data_run_end__
                0x0000000020000000                __log_filter_data_run_load_end__ = __log_filter_data_run_end__
                0x0000000000000001                . = ASSERT (((__log_filter_data_run_start__ == __log_filter_data_run_end__) || ((__log_filter_data_run_end__ - __RAM1_segment_start__) <= __RAM1_segment_size__)), error: .log_filter_data_run is too large to fit in RAM1 memory segment)
                0x0000000020000000                __nrf_sections_run_end_load_start__ = ALIGN (__log_filter_data_run_end__, 0x4)

.nrf_sections_run_end
                0x0000000020000000        0x0
                0x0000000020000000                __nrf_sections_run_end_start__ = .
                0x0000000020000000                __end_nrf_sections_run = __nrf_sections_run_end_start__
 *(.nrf_sections_run_end .nrf_sections_run_end.*)
                0x0000000020000000                __nrf_sections_run_end_end__ = (__nrf_sections_run_end_start__ + SIZEOF (.nrf_sections_run_end))
                0x0000000000000000                __nrf_sections_run_end_size__ = SIZEOF (.nrf_sections_run_end)
                0x0000000020000000                __nrf_sections_run_end_load_end__ = __nrf_sections_run_end_end__
                0x0000000000000001                . = ASSERT (((__nrf_sections_run_end_start__ == __nrf_sections_run_end_end__) || ((__nrf_sections_run_end_end__ - __RAM1_segment_start__) <= __RAM1_segment_size__)), error: .nrf_sections_run_end is too large to fit in RAM1 memory segment)
                0x00000000000037f4                __dtors_load_start__ = ALIGN ((__log_filter_data_load_start__ + SIZEOF (.log_filter_data)), 0x4)

.dtors          0x00000000000037f4        0x0
                0x00000000000037f4                __dtors_start__ = .
 *(SORT_BY_NAME(.dtors.*))
 *(.dtors)
 *(.fini_array)
 *(SORT_BY_NAME(.fini_array.*))
                0x00000000000037f4                __dtors_end__ = (__dtors_start__ + SIZEOF (.dtors))
                0x0000000000000000                __dtors_size__ = SIZEOF (.dtors)
                0x00000000000037f4                __dtors_load_end__ = __dtors_end__
                0x0000000000000001                . = ASSERT (((__dtors_start__ == __dtors_end__) || ((__dtors_end__ - __FLASH1_segment_start__) <= __FLASH1_segment_size__)), error: .dtors is too large to fit in FLASH1 memory segment)
                0x00000000000037f4                __ctors_load_start__ = ALIGN (__dtors_end__, 0x4)

.ctors          0x00000000000037f4        0x0
                0x00000000000037f4                __ctors_start__ = .
 *(SORT_BY_NAME(.ctors.*))
 *(.ctors)
 *(.init_array)
 *(SORT_BY_NAME(.init_array.*))
                0x00000000000037f4                __ctors_end__ = (__ctors_start__ + SIZEOF (.ctors))
                0x0000000000000000                __ctors_size__ = SIZEOF (.ctors)
                0x00000000000037f4                __ctors_load_end__ = __ctors_end__
                0x0000000000000001                . = ASSERT (((__ctors_start__ == __ctors_end__) || ((__ctors_end__ - __FLASH1_segment_start__) <= __FLASH1_segment_size__)), error: .ctors is too large to fit in FLASH1 memory segment)
                0x00000000000037f4                __rodata_load_start__ = ALIGN (__ctors_end__, 0x4)

.rodata         0x00000000000037f4      0x4a4
                0x00000000000037f4                __rodata_start__ = .
 *(.rodata .rodata.* .gnu.linkonce.r.*)
 .rodata        0x00000000000037f4       0x20 Output/Release/Obj/spi_pca10040/nrf_log_backend_uart.o
 .rodata.nrf_log_backend_uart_api
                0x0000000000003814        0xc Output/Release/Obj/spi_pca10040/nrf_log_backend_uart.o
                0x0000000000003814                nrf_log_backend_uart_api
 .rodata.str1.1
                0x0000000000003820       0x11 Output/Release/Obj/spi_pca10040/nrf_log_default_backends.o
 .rodata.nrf_log_frontend_dequeue.str1.1
                0x0000000000003831       0x11 Output/Release/Obj/spi_pca10040/nrf_log_frontend.o
 .rodata.str1.1
                0x0000000000003842        0x4 Output/Release/Obj/spi_pca10040/nrf_log_frontend.o
 *fill*         0x0000000000003846        0x2 
 .rodata.m_log_push_ringbuf
                0x0000000000003848        0xc Output/Release/Obj/spi_pca10040/nrf_log_frontend.o
 .rodata.prefix_process.str1.1
                0x0000000000003854       0x32 Output/Release/Obj/spi_pca10040/nrf_log_str_formatter.o
 .rodata.postfix_process.str1.1
                0x0000000000003886       0x32 Output/Release/Obj/spi_pca10040/nrf_log_str_formatter.o
                                          0x3 (size before relaxing)
 .rodata.nrf_log_hexdump_entry_process.str1.1
                0x0000000000003886        0xf Output/Release/Obj/spi_pca10040/nrf_log_str_formatter.o
                                         0x11 (size before relaxing)
 .rodata.str1.1
                0x0000000000003895       0x4b Output/Release/Obj/spi_pca10040/nrf_log_str_formatter.o
                                         0x51 (size before relaxing)
 .rodata.m_colors
                0x00000000000038e0       0x24 Output/Release/Obj/spi_pca10040/nrf_log_str_formatter.o
 .rodata.severity_names
                0x0000000000003904       0x14 Output/Release/Obj/spi_pca10040/nrf_log_str_formatter.o
 .rodata.m_board_led_list
                0x0000000000003918        0x4 Output/Release/Obj/spi_pca10040/boards.o
 .rodata.str1.1
                0x000000000000391c        0xb Output/Release/Obj/spi_pca10040/app_button.o
 .rodata.app_error_fault_handler.str1.1
                0x0000000000003927       0x19 Output/Release/Obj/spi_pca10040/app_error_weak.o
 .rodata.str1.1
                0x0000000000003940        0xa Output/Release/Obj/spi_pca10040/app_timer2.o
 .rodata._aV2C.0
                0x000000000000394a       0x10 Output/Release/Obj/spi_pca10040/nrf_fprintf_format.o
 .rodata.str1.1
                0x000000000000395a        0x9 Output/Release/Obj/spi_pca10040/nrf_sortlist.o
 *fill*         0x0000000000003963        0x1 
 .rodata        0x0000000000003964       0x10 Output/Release/Obj/spi_pca10040/nrf_drv_spi.o
 .rodata.str1.1
                0x0000000000003974        0x7 Output/Release/Obj/spi_pca10040/nrfx_gpiote.o
 .rodata.str1.1
                0x000000000000397b        0x4 Output/Release/Obj/spi_pca10040/nrfx_prs.o
 .rodata.str1.1
                0x000000000000397f        0x5 Output/Release/Obj/spi_pca10040/nrfx_spim.o
 .rodata.str1.1
                0x0000000000003984        0x5 Output/Release/Obj/spi_pca10040/nrfx_uart.o
 .rodata.str1.1
                0x0000000000003989        0x6 Output/Release/Obj/spi_pca10040/nrfx_uarte.o
 .rodata.begin.str1.1
                0x000000000000398f       0x29 Output/Release/Obj/spi_pca10040/main.o
 .rodata.main.str1.1
                0x00000000000039b8       0x4a Output/Release/Obj/spi_pca10040/main.o
                                         0x4b (size before relaxing)
 *fill*         0x0000000000003a02        0x2 
 .rodata        0x0000000000003a04       0x10 Output/Release/Obj/spi_pca10040/main.o
 *fill*         0x0000000000003a14        0xc 
 .rodata.delay_machine_code.0
                0x0000000000003a20        0x6 Output/Release/Obj/spi_pca10040/main.o
 *fill*         0x0000000000003a26        0x2 
 .rodata.spi    0x0000000000003a28       0x10 Output/Release/Obj/spi_pca10040/main.o
 .rodata.CSWTCH.15
                0x0000000000003a38        0x5 Output/Release/Obj/spi_pca10040/system_nrf52.o
 .rodata.CSWTCH.19
                0x0000000000003a3d        0x5 Output/Release/Obj/spi_pca10040/system_nrf52.o
 .rodata.CSWTCH.21
                0x0000000000003a42        0x5 Output/Release/Obj/spi_pca10040/system_nrf52.o
 .rodata.CSWTCH.22
                0x0000000000003a47        0x3 Output/Release/Obj/spi_pca10040/system_nrf52.o
 .rodata.CSWTCH.5
                0x0000000000003a4a        0x5 Output/Release/Obj/spi_pca10040/system_nrf52.o
 *fill*         0x0000000000003a4f        0x1 
 .rodata.libc.__RAL_find_locale.str1.4
                0x0000000000003a50        0xa C:/Program Files/SEGGER/SEGGER Embedded Studio for ARM 5.70a/lib/libc_v7em_fpv4_sp_d16_hard_t_le_eabi.a(libc2.o)
 *fill*         0x0000000000003a5a        0x2 
 .rodata.libc.__RAL_ascii_ctype_map
                0x0000000000003a5c       0x80 C:/Program Files/SEGGER/SEGGER Embedded Studio for ARM 5.70a/lib/libc_v7em_fpv4_sp_d16_hard_t_le_eabi.a(libc2.o)
                0x0000000000003a5c                __RAL_ascii_ctype_map
 .rodata.libc.__RAL_ascii_ctype_mask
                0x0000000000003adc        0xd C:/Program Files/SEGGER/SEGGER Embedded Studio for ARM 5.70a/lib/libc_v7em_fpv4_sp_d16_hard_t_le_eabi.a(libc2.o)
 *fill*         0x0000000000003ae9        0x3 
 .rodata.libc.__RAL_c_locale
                0x0000000000003aec        0xc C:/Program Files/SEGGER/SEGGER Embedded Studio for ARM 5.70a/lib/libc_v7em_fpv4_sp_d16_hard_t_le_eabi.a(libc2.o)
                0x0000000000003aec                __RAL_c_locale
 .rodata.libc.__RAL_c_locale_abbrev_day_names
                0x0000000000003af8       0x1d C:/Program Files/SEGGER/SEGGER Embedded Studio for ARM 5.70a/lib/libc_v7em_fpv4_sp_d16_hard_t_le_eabi.a(libc2.o)
                0x0000000000003af8                __RAL_c_locale_abbrev_day_names
 *fill*         0x0000000000003b15        0x3 
 .rodata.libc.__RAL_c_locale_abbrev_month_names
                0x0000000000003b18       0x31 C:/Program Files/SEGGER/SEGGER Embedded Studio for ARM 5.70a/lib/libc_v7em_fpv4_sp_d16_hard_t_le_eabi.a(libc2.o)
                0x0000000000003b18                __RAL_c_locale_abbrev_month_names
 *fill*         0x0000000000003b49        0x3 
 .rodata.libc.__RAL_c_locale_am_pm_indicator
                0x0000000000003b4c        0x7 C:/Program Files/SEGGER/SEGGER Embedded Studio for ARM 5.70a/lib/libc_v7em_fpv4_sp_d16_hard_t_le_eabi.a(libc2.o)
                0x0000000000003b4c                __RAL_c_locale_am_pm_indicator
 *fill*         0x0000000000003b53        0x1 
 .rodata.libc.__RAL_c_locale_data
                0x0000000000003b54       0x58 C:/Program Files/SEGGER/SEGGER Embedded Studio for ARM 5.70a/lib/libc_v7em_fpv4_sp_d16_hard_t_le_eabi.a(libc2.o)
                0x0000000000003b54                __RAL_c_locale_data
 .rodata.libc.__RAL_c_locale_date_format
                0x0000000000003bac        0x9 C:/Program Files/SEGGER/SEGGER Embedded Studio for ARM 5.70a/lib/libc_v7em_fpv4_sp_d16_hard_t_le_eabi.a(libc2.o)
                0x0000000000003bac                __RAL_c_locale_date_format
 *fill*         0x0000000000003bb5        0x3 
 .rodata.libc.__RAL_c_locale_date_time_format
                0x0000000000003bb8        0xf C:/Program Files/SEGGER/SEGGER Embedded Studio for ARM 5.70a/lib/libc_v7em_fpv4_sp_d16_hard_t_le_eabi.a(libc2.o)
                0x0000000000003bb8                __RAL_c_locale_date_time_format
 *fill*         0x0000000000003bc7        0x1 
 .rodata.libc.__RAL_c_locale_day_names
                0x0000000000003bc8       0x3a C:/Program Files/SEGGER/SEGGER Embedded Studio for ARM 5.70a/lib/libc_v7em_fpv4_sp_d16_hard_t_le_eabi.a(libc2.o)
                0x0000000000003bc8                __RAL_c_locale_day_names
 *fill*         0x0000000000003c02        0x2 
 .rodata.libc.__RAL_c_locale_month_names
                0x0000000000003c04       0x57 C:/Program Files/SEGGER/SEGGER Embedded Studio for ARM 5.70a/lib/libc_v7em_fpv4_sp_d16_hard_t_le_eabi.a(libc2.o)
                0x0000000000003c04                __RAL_c_locale_month_names
 *fill*         0x0000000000003c5b        0x1 
 .rodata.libc.__RAL_c_locale_time_format
                0x0000000000003c5c        0x9 C:/Program Files/SEGGER/SEGGER Embedded Studio for ARM 5.70a/lib/libc_v7em_fpv4_sp_d16_hard_t_le_eabi.a(libc2.o)
                0x0000000000003c5c                __RAL_c_locale_time_format
 *fill*         0x0000000000003c65        0x3 
 .rodata.libc.__RAL_codeset_ascii
                0x0000000000003c68       0x20 C:/Program Files/SEGGER/SEGGER Embedded Studio for ARM 5.70a/lib/libc_v7em_fpv4_sp_d16_hard_t_le_eabi.a(libc2.o)
                0x0000000000003c68                __RAL_codeset_ascii
 .rodata.libc.__RAL_data_empty_string
                0x0000000000003c88        0x1 C:/Program Files/SEGGER/SEGGER Embedded Studio for ARM 5.70a/lib/libc_v7em_fpv4_sp_d16_hard_t_le_eabi.a(libc2.o)
                0x0000000000003c88                __RAL_data_empty_string
 *fill*         0x0000000000003c89        0x3 
 .rodata.libc.__RAL_data_utf8_period
                0x0000000000003c8c        0x2 C:/Program Files/SEGGER/SEGGER Embedded Studio for ARM 5.70a/lib/libc_v7em_fpv4_sp_d16_hard_t_le_eabi.a(libc2.o)
                0x0000000000003c8c                __RAL_data_utf8_period
 *fill*         0x0000000000003c8e        0x2 
 .rodata.libc.__aeabi_EDOM
                0x0000000000003c90        0x4 C:/Program Files/SEGGER/SEGGER Embedded Studio for ARM 5.70a/lib/libc_v7em_fpv4_sp_d16_hard_t_le_eabi.a(libc2.o)
                0x0000000000003c90                __aeabi_EDOM
 .rodata.libc.__aeabi_ERANGE
                0x0000000000003c94        0x4 C:/Program Files/SEGGER/SEGGER Embedded Studio for ARM 5.70a/lib/libc_v7em_fpv4_sp_d16_hard_t_le_eabi.a(libc2.o)
                0x0000000000003c94                __aeabi_ERANGE
                0x0000000000003c98                . = ALIGN (MAX ((__rodata_start__ + 0x4), .), 0x4)
                0x0000000000003c98                __rodata_end__ = (__rodata_start__ + SIZEOF (.rodata))
                0x00000000000004a4                __rodata_size__ = SIZEOF (.rodata)
                0x0000000000003c98                __rodata_load_end__ = __rodata_end__

.rel.dyn        0x0000000000003c98        0x0
 .rel.iplt      0x0000000000003c98        0x0 Output/Release/Obj/spi_pca10040/thumb_crt0.o
                0x0000000000000001                . = ASSERT (((__rodata_start__ == __rodata_end__) || ((__rodata_end__ - __FLASH1_segment_start__) <= __FLASH1_segment_size__)), error: .rodata is too large to fit in FLASH1 memory segment)
                0x0000000000003c98                __ARM.exidx_load_start__ = ALIGN (__rodata_end__, 0x4)

.ARM.exidx      0x0000000000003c98        0x0
                0x0000000000003c98                __ARM.exidx_start__ = .
                0x0000000000003c98                __exidx_start = __ARM.exidx_start__
 *(.ARM.exidx .ARM.exidx.*)
                0x0000000000003c98                __ARM.exidx_end__ = (__ARM.exidx_start__ + SIZEOF (.ARM.exidx))
                0x0000000000000000                __ARM.exidx_size__ = SIZEOF (.ARM.exidx)
                0x0000000000003c98                __exidx_end = __ARM.exidx_end__
                0x0000000000003c98                __ARM.exidx_load_end__ = __ARM.exidx_end__
                0x0000000000000001                . = ASSERT (((__ARM.exidx_start__ == __ARM.exidx_end__) || ((__ARM.exidx_end__ - __FLASH1_segment_start__) <= __FLASH1_segment_size__)), error: .ARM.exidx is too large to fit in FLASH1 memory segment)
                0x0000000000003c98                __fast_load_start__ = ALIGN (__ARM.exidx_end__, 0x4)

.fast           0x0000000020000000        0x0 load address 0x0000000000003c98
                0x0000000020000000                __fast_start__ = .
 *(.fast .fast.*)
                0x0000000020000000                __fast_end__ = (__fast_start__ + SIZEOF (.fast))
                0x0000000000000000                __fast_size__ = SIZEOF (.fast)
                0x0000000000003c98                __fast_load_end__ = (__fast_load_start__ + SIZEOF (.fast))
                0x0000000000000001                . = ASSERT (((__fast_load_start__ == __fast_load_end__) || ((__fast_load_end__ - __FLASH1_segment_start__) <= __FLASH1_segment_size__)), error: .fast is too large to fit in FLASH1 memory segment)

.fast_run       0x0000000020000000        0x0
                0x0000000020000000                __fast_run_start__ = .
                0x0000000020000000                __fast_run_end__ = (__fast_run_start__ + SIZEOF (.fast))
                0x0000000000000000                __fast_run_size__ = (__fast_run_end__ - __fast_run_start__)
                0x0000000020000000                __fast_run_load_end__ = __fast_run_end__
                0x0000000000000001                . = ASSERT (((__fast_run_start__ == __fast_run_end__) || ((__fast_run_end__ - __RAM1_segment_start__) <= __RAM1_segment_size__)), error: .fast_run is too large to fit in RAM1 memory segment)
                0x0000000000003c98                __data_load_start__ = ALIGN ((__fast_load_start__ + SIZEOF (.fast)), 0x4)

.data           0x0000000020000000       0x34 load address 0x0000000000003c98
                0x0000000020000000                __data_start__ = .
 *(.data .data.* .gnu.linkonce.d.*)
 .data.m_uart   0x0000000020000000       0x14 Output/Release/Obj/spi_pca10040/nrf_log_backend_uart.o
                0x0000000020000000                m_uart
 .data.log_backend_cb_uart_log_backend
                0x0000000020000014        0x8 Output/Release/Obj/spi_pca10040/nrf_log_default_backends.o
 .data.SystemCoreClock
                0x000000002000001c        0x4 Output/Release/Obj/spi_pca10040/system_nrf52.o
                0x000000002000001c                SystemCoreClock
 .data.libc.__RAL_global_locale
                0x0000000020000020       0x14 C:/Program Files/SEGGER/SEGGER Embedded Studio for ARM 5.70a/lib/libc_v7em_fpv4_sp_d16_hard_t_le_eabi.a(libc2.o)
                0x0000000020000020                __RAL_global_locale
                0x0000000020000034                __data_end__ = (__data_start__ + SIZEOF (.data))
                0x0000000000000034                __data_size__ = SIZEOF (.data)
                0x0000000000003ccc                __data_load_end__ = (__data_load_start__ + SIZEOF (.data))

.igot.plt       0x0000000100000000        0x0
 .igot.plt      0x0000000100000000        0x0 Output/Release/Obj/spi_pca10040/thumb_crt0.o
                0x0000000000000001                . = ASSERT (((__data_load_start__ == __data_load_end__) || ((__data_load_end__ - __FLASH1_segment_start__) <= __FLASH1_segment_size__)), error: .data is too large to fit in FLASH1 memory segment)

.data_run       0x0000000020000000        0x0
                0x0000000020000000                __data_run_start__ = .
                0x0000000020000034                __data_run_end__ = (__data_run_start__ + SIZEOF (.data))
                0x0000000000000034                __data_run_size__ = (__data_run_end__ - __data_run_start__)
                0x0000000020000034                __data_run_load_end__ = __data_run_end__
                0x0000000000000001                . = ASSERT (((__data_run_start__ == __data_run_end__) || ((__data_run_end__ - __RAM1_segment_start__) <= __RAM1_segment_size__)), error: .data_run is too large to fit in RAM1 memory segment)
                0x0000000000003ccc                __tdata_load_start__ = ALIGN ((__data_load_start__ + SIZEOF (.data)), 0x4)

.tdata          0x0000000020000034        0x0 load address 0x0000000000003ccc
                0x0000000020000034                __tdata_start__ = .
 *(.tdata .tdata.*)
                0x0000000020000034                __tdata_end__ = (__tdata_start__ + SIZEOF (.tdata))
                0x0000000000000000                __tdata_size__ = SIZEOF (.tdata)
                0x0000000000003ccc                __tdata_load_end__ = (__tdata_load_start__ + SIZEOF (.tdata))
                0x0000000000003ccc                __FLASH1_segment_used_end__ = (ALIGN ((__data_load_start__ + SIZEOF (.data)), 0x4) + SIZEOF (.tdata))
                0x0000000000003ccc                __FLASH1_segment_used_size__ = (__FLASH1_segment_used_end__ - __FLASH1_segment_start__)
                0x0000000000000001                . = ASSERT (((__tdata_load_start__ == __tdata_load_end__) || ((__tdata_load_end__ - __FLASH1_segment_start__) <= __FLASH1_segment_size__)), error: .tdata is too large to fit in FLASH1 memory segment)

.tdata_run      0x0000000020000034        0x0
                0x0000000020000034                __tdata_run_start__ = .
                0x0000000020000034                __tdata_run_end__ = (__tdata_run_start__ + SIZEOF (.tdata))
                0x0000000000000000                __tdata_run_size__ = (__tdata_run_end__ - __tdata_run_start__)
                0x0000000020000034                __tdata_run_load_end__ = __tdata_run_end__
                0x0000000000000001                . = ASSERT (((__tdata_run_start__ == __tdata_run_end__) || ((__tdata_run_end__ - __RAM1_segment_start__) <= __RAM1_segment_size__)), error: .tdata_run is too large to fit in RAM1 memory segment)
                0x0000000020000034                __bss_load_start__ = ALIGN (__tdata_run_end__, 0x4)

.bss            0x0000000020000034      0x6e0
                0x0000000020000034                __bss_start__ = .
 *(.bss .bss.* .gnu.linkonce.b.*)
 .bss.m_async_mode
                0x0000000020000034        0x1 Output/Release/Obj/spi_pca10040/nrf_log_backend_uart.o
 .bss.m_string_buff
                0x0000000020000035       0x40 Output/Release/Obj/spi_pca10040/nrf_log_backend_uart.o
 .bss.m_xfer_done
                0x0000000020000075        0x1 Output/Release/Obj/spi_pca10040/nrf_log_backend_uart.o
 *fill*         0x0000000020000076        0x2 
 .bss.log_mempool_nrf_balloc_cb
                0x0000000020000078        0x8 Output/Release/Obj/spi_pca10040/nrf_log_frontend.o
 .bss.log_mempool_nrf_balloc_pool_mem
                0x0000000020000080       0xc0 Output/Release/Obj/spi_pca10040/nrf_log_frontend.o
 .bss.log_mempool_nrf_balloc_pool_stack
                0x0000000020000140        0x8 Output/Release/Obj/spi_pca10040/nrf_log_frontend.o
 .bss.m_log_data
                0x0000000020000148      0x420 Output/Release/Obj/spi_pca10040/nrf_log_frontend.o
 .bss.m_log_push_ringbuf_buf
                0x0000000020000568       0x80 Output/Release/Obj/spi_pca10040/nrf_log_frontend.o
 .bss.m_log_push_ringbuf_cb
                0x00000000200005e8       0x18 Output/Release/Obj/spi_pca10040/nrf_log_frontend.o
 .bss.m_in_critical_region
                0x0000000020000600        0x4 Output/Release/Obj/spi_pca10040/app_util_platform.o
 .bss.m_cb      0x0000000020000604        0x8 Output/Release/Obj/spi_pca10040/drv_rtc.o
 .bss.m_handlers
                0x000000002000060c        0x4 Output/Release/Obj/spi_pca10040/drv_rtc.o
 .bss.m_contexts
                0x0000000020000610        0xc Output/Release/Obj/spi_pca10040/nrf_drv_spi.o
 .bss.m_handlers
                0x000000002000061c        0xc Output/Release/Obj/spi_pca10040/nrf_drv_spi.o
 .bss.m_contexts
                0x0000000020000628        0x4 Output/Release/Obj/spi_pca10040/nrf_drv_uart.o
 .bss.m_handlers
                0x000000002000062c        0x4 Output/Release/Obj/spi_pca10040/nrf_drv_uart.o
 .bss.nrf_drv_uart_use_easy_dma
                0x0000000020000630        0x1 Output/Release/Obj/spi_pca10040/nrf_drv_uart.o
                0x0000000020000630                nrf_drv_uart_use_easy_dma
 *fill*         0x0000000020000631        0x3 
 .bss.m_cb      0x0000000020000634       0x5c Output/Release/Obj/spi_pca10040/nrfx_gpiote.o
 .bss.m_prs_box_4
                0x0000000020000690        0x8 Output/Release/Obj/spi_pca10040/nrfx_prs.o
 .bss.m_cb      0x0000000020000698       0x24 Output/Release/Obj/spi_pca10040/nrfx_spim.o
 .bss.m_cb      0x00000000200006bc       0x2c Output/Release/Obj/spi_pca10040/nrfx_uart.o
 .bss.m_cb      0x00000000200006e8       0x24 Output/Release/Obj/spi_pca10040/nrfx_uarte.o
 .bss.PT100_Temperature
                0x000000002000070c        0x4 Output/Release/Obj/spi_pca10040/main.o
                0x000000002000070c                PT100_Temperature
 .bss.RTD       0x0000000020000710        0x2 Output/Release/Obj/spi_pca10040/main.o
                0x0000000020000710                RTD
 .bss.fault_state
                0x0000000020000712        0x1 Output/Release/Obj/spi_pca10040/main.o
                0x0000000020000712                fault_state
 .bss.spi_xfer_done
                0x0000000020000713        0x1 Output/Release/Obj/spi_pca10040/main.o
 *(COMMON)
                0x0000000020000714                __bss_end__ = (__bss_start__ + SIZEOF (.bss))
                0x00000000000006e0                __bss_size__ = SIZEOF (.bss)
                0x0000000020000714                __bss_load_end__ = __bss_end__
                0x0000000000000001                . = ASSERT (((__bss_start__ == __bss_end__) || ((__bss_end__ - __RAM1_segment_start__) <= __RAM1_segment_size__)), error: .bss is too large to fit in RAM1 memory segment)
                0x0000000020000714                __tbss_load_start__ = ALIGN (__bss_end__, 0x4)

.tbss           0x0000000020000714        0x4
                0x0000000020000714                __tbss_start__ = .
 *(.tbss .tbss.*)
 .tbss.errno_val
                0x0000000020000714        0x4 C:/Program Files/SEGGER/SEGGER Embedded Studio for ARM 5.70a/lib/libc_v7em_fpv4_sp_d16_hard_t_le_eabi.a(libc2.o)
                0x0000000020000718                __tbss_end__ = (__tbss_start__ + SIZEOF (.tbss))
                0x0000000000000004                __tbss_size__ = SIZEOF (.tbss)
                0x0000000020000718                __tbss_load_end__ = __tbss_end__
                0x0000000000000001                . = ASSERT (((__tbss_start__ == __tbss_end__) || ((__tbss_end__ - __RAM1_segment_start__) <= __RAM1_segment_size__)), error: .tbss is too large to fit in RAM1 memory segment)
                0x0000000020000718                __non_init_load_start__ = ALIGN (__tbss_end__, 0x4)

.non_init       0x0000000020000718        0x0
                0x0000000020000718                __non_init_start__ = .
 *(.non_init .non_init.*)
                0x0000000020000718                __non_init_end__ = (__non_init_start__ + SIZEOF (.non_init))
                0x0000000000000000                __non_init_size__ = SIZEOF (.non_init)
                0x0000000020000718                __non_init_load_end__ = __non_init_end__
                0x0000000000000001                . = ASSERT (((__non_init_start__ == __non_init_end__) || ((__non_init_end__ - __RAM1_segment_start__) <= __RAM1_segment_size__)), error: .non_init is too large to fit in RAM1 memory segment)
                0x0000000020000718                __heap_load_start__ = ALIGN (__non_init_end__, 0x4)

.heap           0x0000000020000718     0x2000
                0x0000000020000718                __heap_start__ = .
 *(.heap .heap.*)
                0x0000000020002718                . = ALIGN (MAX ((__heap_start__ + __HEAPSIZE__), .), 0x4)
 *fill*         0x0000000020000718     0x2000 
                0x0000000020002718                __heap_end__ = (__heap_start__ + SIZEOF (.heap))
                0x0000000000002000                __heap_size__ = SIZEOF (.heap)
                0x0000000020002718                __heap_load_end__ = __heap_end__
                0x0000000000000001                . = ASSERT (((__heap_start__ == __heap_end__) || ((__heap_end__ - __RAM1_segment_start__) <= __RAM1_segment_size__)), error: .heap is too large to fit in RAM1 memory segment)
                0x000000002000e000                __stack_load_start__ = (__RAM1_segment_start__ + (__RAM1_segment_size__ - 0x2000))

.stack          0x000000002000e000     0x2000
                0x000000002000e000                __stack_start__ = .
                0x000000002000e000                __StackLimit = __stack_start__
 *(.stack .stack.*)
                0x0000000020010000                . = ALIGN (MAX ((__stack_start__ + __STACKSIZE__), .), 0x8)
 *fill*         0x000000002000e000     0x2000 
                0x0000000020010000                __stack_end__ = (__stack_start__ + SIZEOF (.stack))
                0x0000000000002000                __stack_size__ = SIZEOF (.stack)
                0x0000000020010000                __StackTop = __stack_end__
                0x0000000020010000                __stack_load_end__ = __stack_end__
                0x0000000000000001                . = ASSERT (((__stack_start__ == __stack_end__) || ((__stack_end__ - __RAM1_segment_start__) <= __RAM1_segment_size__)), error: .stack is too large to fit in RAM1 memory segment)
                0x0000000000000001                . = ASSERT ((__heap_end__ <= __stack_start__), error: section .heap overlaps absolute placed section .stack)
                0x0000000020010000                __stack_process_load_start__ = ALIGN (__stack_end__, 0x8)

.stack_process  0x0000000020010000        0x0
                0x0000000020010000                __stack_process_start__ = .
 *(.stack_process .stack_process.*)
                0x0000000020010000                . = ALIGN (MAX ((__stack_process_start__ + __STACKSIZE_PROCESS__), .), 0x8)
                0x0000000020010000                __stack_process_end__ = (__stack_process_start__ + SIZEOF (.stack_process))
                0x0000000000000000                __stack_process_size__ = SIZEOF (.stack_process)
                0x0000000020010000                __stack_process_load_end__ = __stack_process_end__
                0x0000000020010000                __RAM1_segment_used_end__ = (ALIGN (__stack_end__, 0x8) + SIZEOF (.stack_process))
                0x0000000000010000                __RAM1_segment_used_size__ = (__RAM1_segment_used_end__ - __RAM1_segment_start__)
                0x0000000000000001                . = ASSERT (((__stack_process_start__ == __stack_process_end__) || ((__stack_process_end__ - __RAM1_segment_start__) <= __RAM1_segment_size__)), error: .stack_process is too large to fit in RAM1 memory segment)
START GROUP
LOAD Output/Release/Obj/spi_pca10040/thumb_crt0.o
LOAD Output/Release/Obj/spi_pca10040/nrf_log_backend_rtt.o
LOAD Output/Release/Obj/spi_pca10040/nrf_log_backend_serial.o
LOAD Output/Release/Obj/spi_pca10040/nrf_log_backend_uart.o
LOAD Output/Release/Obj/spi_pca10040/nrf_log_default_backends.o
LOAD Output/Release/Obj/spi_pca10040/nrf_log_frontend.o
LOAD Output/Release/Obj/spi_pca10040/nrf_log_str_formatter.o
LOAD Output/Release/Obj/spi_pca10040/boards.o
LOAD Output/Release/Obj/spi_pca10040/app_button.o
LOAD Output/Release/Obj/spi_pca10040/app_error.o
LOAD Output/Release/Obj/spi_pca10040/app_error_handler_gcc.o
LOAD Output/Release/Obj/spi_pca10040/app_error_weak.o
LOAD Output/Release/Obj/spi_pca10040/app_scheduler.o
LOAD Output/Release/Obj/spi_pca10040/app_timer2.o
LOAD Output/Release/Obj/spi_pca10040/app_util_platform.o
LOAD Output/Release/Obj/spi_pca10040/drv_rtc.o
LOAD Output/Release/Obj/spi_pca10040/nrf_assert.o
LOAD Output/Release/Obj/spi_pca10040/nrf_atfifo.o
LOAD Output/Release/Obj/spi_pca10040/nrf_atomic.o
LOAD Output/Release/Obj/spi_pca10040/nrf_balloc.o
LOAD Output/Release/Obj/spi_pca10040/nrf_fprintf.o
LOAD Output/Release/Obj/spi_pca10040/nrf_fprintf_format.o
LOAD Output/Release/Obj/spi_pca10040/nrf_memobj.o
LOAD Output/Release/Obj/spi_pca10040/nrf_ringbuf.o
LOAD Output/Release/Obj/spi_pca10040/nrf_sortlist.o
LOAD Output/Release/Obj/spi_pca10040/nrf_strerror.o
LOAD Output/Release/Obj/spi_pca10040/nrf_drv_spi.o
LOAD Output/Release/Obj/spi_pca10040/nrf_drv_uart.o
LOAD Output/Release/Obj/spi_pca10040/nrfx_atomic.o
LOAD Output/Release/Obj/spi_pca10040/nrfx_gpiote.o
LOAD Output/Release/Obj/spi_pca10040/nrfx_prs.o
LOAD Output/Release/Obj/spi_pca10040/nrfx_spi.o
LOAD Output/Release/Obj/spi_pca10040/nrfx_spim.o
LOAD Output/Release/Obj/spi_pca10040/nrfx_uart.o
LOAD Output/Release/Obj/spi_pca10040/nrfx_uarte.o
LOAD Output/Release/Obj/spi_pca10040/bsp.o
LOAD Output/Release/Obj/spi_pca10040/main.o
LOAD Output/Release/Obj/spi_pca10040/SEGGER_RTT.o
LOAD Output/Release/Obj/spi_pca10040/SEGGER_RTT_Syscalls_SES.o
LOAD Output/Release/Obj/spi_pca10040/SEGGER_RTT_printf.o
LOAD Output/Release/Obj/spi_pca10040/ses_startup_nrf52.o
LOAD Output/Release/Obj/spi_pca10040/ses_startup_nrf_common.o
LOAD Output/Release/Obj/spi_pca10040/system_nrf52.o
LOAD C:/Program Files/SEGGER/SEGGER Embedded Studio for ARM 5.70a/lib/libm_v7em_fpv4_sp_d16_hard_t_le_eabi.a
LOAD C:/Program Files/SEGGER/SEGGER Embedded Studio for ARM 5.70a/lib/libc_v7em_fpv4_sp_d16_hard_t_le_eabi.a
LOAD C:/Program Files/SEGGER/SEGGER Embedded Studio for ARM 5.70a/lib/libdebugio_v7em_fpv4_sp_d16_hard_t_le_eabi.a
END GROUP
OUTPUT(Output/Release/Exe/spi_pca10040.elf elf32-littlearm)
LOAD linker stubs

.ARM.attributes
                0x0000000000000000       0x32
 .ARM.attributes
                0x0000000000000000       0x20 Output/Release/Obj/spi_pca10040/thumb_crt0.o
 .ARM.attributes
                0x0000000000000020       0x36 Output/Release/Obj/spi_pca10040/nrf_log_backend_serial.o
 .ARM.attributes
                0x0000000000000056       0x36 Output/Release/Obj/spi_pca10040/nrf_log_backend_uart.o
 .ARM.attributes
                0x000000000000008c       0x36 Output/Release/Obj/spi_pca10040/nrf_log_default_backends.o
 .ARM.attributes
                0x00000000000000c2       0x36 Output/Release/Obj/spi_pca10040/nrf_log_frontend.o
 .ARM.attributes
                0x00000000000000f8       0x36 Output/Release/Obj/spi_pca10040/nrf_log_str_formatter.o
 .ARM.attributes
                0x000000000000012e       0x36 Output/Release/Obj/spi_pca10040/boards.o
 .ARM.attributes
                0x0000000000000164       0x36 Output/Release/Obj/spi_pca10040/app_button.o
 .ARM.attributes
                0x000000000000019a       0x36 Output/Release/Obj/spi_pca10040/app_error.o
 .ARM.attributes
                0x00000000000001d0       0x36 Output/Release/Obj/spi_pca10040/app_error_weak.o
 .ARM.attributes
                0x0000000000000206       0x36 Output/Release/Obj/spi_pca10040/app_timer2.o
 .ARM.attributes
                0x000000000000023c       0x36 Output/Release/Obj/spi_pca10040/app_util_platform.o
 .ARM.attributes
                0x0000000000000272       0x36 Output/Release/Obj/spi_pca10040/drv_rtc.o
 .ARM.attributes
                0x00000000000002a8       0x36 Output/Release/Obj/spi_pca10040/nrf_atomic.o
 .ARM.attributes
                0x00000000000002de       0x36 Output/Release/Obj/spi_pca10040/nrf_balloc.o
 .ARM.attributes
                0x0000000000000314       0x36 Output/Release/Obj/spi_pca10040/nrf_fprintf.o
 .ARM.attributes
                0x000000000000034a       0x36 Output/Release/Obj/spi_pca10040/nrf_fprintf_format.o
 .ARM.attributes
                0x0000000000000380       0x36 Output/Release/Obj/spi_pca10040/nrf_memobj.o
 .ARM.attributes
                0x00000000000003b6       0x36 Output/Release/Obj/spi_pca10040/nrf_ringbuf.o
 .ARM.attributes
                0x00000000000003ec       0x36 Output/Release/Obj/spi_pca10040/nrf_sortlist.o
 .ARM.attributes
                0x0000000000000422       0x36 Output/Release/Obj/spi_pca10040/nrf_drv_spi.o
 .ARM.attributes
                0x0000000000000458       0x36 Output/Release/Obj/spi_pca10040/nrf_drv_uart.o
 .ARM.attributes
                0x000000000000048e       0x36 Output/Release/Obj/spi_pca10040/nrfx_gpiote.o
 .ARM.attributes
                0x00000000000004c4       0x36 Output/Release/Obj/spi_pca10040/nrfx_prs.o
 .ARM.attributes
                0x00000000000004fa       0x36 Output/Release/Obj/spi_pca10040/nrfx_spim.o
 .ARM.attributes
                0x0000000000000530       0x36 Output/Release/Obj/spi_pca10040/nrfx_uart.o
 .ARM.attributes
                0x0000000000000566       0x36 Output/Release/Obj/spi_pca10040/nrfx_uarte.o
 .ARM.attributes
                0x000000000000059c       0x36 Output/Release/Obj/spi_pca10040/main.o
 .ARM.attributes
                0x00000000000005d2       0x20 Output/Release/Obj/spi_pca10040/ses_startup_nrf52.o
 .ARM.attributes
                0x00000000000005f2       0x20 Output/Release/Obj/spi_pca10040/ses_startup_nrf_common.o
 .ARM.attributes
                0x0000000000000612       0x36 Output/Release/Obj/spi_pca10040/system_nrf52.o
 .ARM.attributes
                0x0000000000000648       0x20 C:/Program Files/SEGGER/SEGGER Embedded Studio for ARM 5.70a/lib/libm_v7em_fpv4_sp_d16_hard_t_le_eabi.a(libm_asm.o)
 .ARM.attributes
                0x0000000000000668       0x36 C:/Program Files/SEGGER/SEGGER Embedded Studio for ARM 5.70a/lib/libm_v7em_fpv4_sp_d16_hard_t_le_eabi.a(libm2.o)
 .ARM.attributes
                0x000000000000069e       0x36 C:/Program Files/SEGGER/SEGGER Embedded Studio for ARM 5.70a/lib/libc_v7em_fpv4_sp_d16_hard_t_le_eabi.a(libc2.o)
 .ARM.attributes
                0x00000000000006d4       0x20 C:/Program Files/SEGGER/SEGGER Embedded Studio for ARM 5.70a/lib/libc_v7em_fpv4_sp_d16_hard_t_le_eabi.a(libc2_asm.o)

.comment        0x0000000000000000       0x3f
 .comment       0x0000000000000000       0x3f Output/Release/Obj/spi_pca10040/nrf_log_backend_serial.o
                                         0x40 (size before relaxing)
 .comment       0x000000000000003f       0x40 Output/Release/Obj/spi_pca10040/nrf_log_backend_uart.o
 .comment       0x000000000000003f       0x40 Output/Release/Obj/spi_pca10040/nrf_log_default_backends.o
 .comment       0x000000000000003f       0x40 Output/Release/Obj/spi_pca10040/nrf_log_frontend.o
 .comment       0x000000000000003f       0x40 Output/Release/Obj/spi_pca10040/nrf_log_str_formatter.o
 .comment       0x000000000000003f       0x40 Output/Release/Obj/spi_pca10040/boards.o
 .comment       0x000000000000003f       0x40 Output/Release/Obj/spi_pca10040/app_button.o
 .comment       0x000000000000003f       0x40 Output/Release/Obj/spi_pca10040/app_error.o
 .comment       0x000000000000003f       0x40 Output/Release/Obj/spi_pca10040/app_error_weak.o
 .comment       0x000000000000003f       0x40 Output/Release/Obj/spi_pca10040/app_timer2.o
 .comment       0x000000000000003f       0x40 Output/Release/Obj/spi_pca10040/app_util_platform.o
 .comment       0x000000000000003f       0x40 Output/Release/Obj/spi_pca10040/drv_rtc.o
 .comment       0x000000000000003f       0x40 Output/Release/Obj/spi_pca10040/nrf_atomic.o
 .comment       0x000000000000003f       0x40 Output/Release/Obj/spi_pca10040/nrf_balloc.o
 .comment       0x000000000000003f       0x40 Output/Release/Obj/spi_pca10040/nrf_fprintf.o
 .comment       0x000000000000003f       0x40 Output/Release/Obj/spi_pca10040/nrf_fprintf_format.o
 .comment       0x000000000000003f       0x40 Output/Release/Obj/spi_pca10040/nrf_memobj.o
 .comment       0x000000000000003f       0x40 Output/Release/Obj/spi_pca10040/nrf_ringbuf.o
 .comment       0x000000000000003f       0x40 Output/Release/Obj/spi_pca10040/nrf_sortlist.o
 .comment       0x000000000000003f       0x40 Output/Release/Obj/spi_pca10040/nrf_drv_spi.o
 .comment       0x000000000000003f       0x40 Output/Release/Obj/spi_pca10040/nrf_drv_uart.o
 .comment       0x000000000000003f       0x40 Output/Release/Obj/spi_pca10040/nrfx_gpiote.o
 .comment       0x000000000000003f       0x40 Output/Release/Obj/spi_pca10040/nrfx_prs.o
 .comment       0x000000000000003f       0x40 Output/Release/Obj/spi_pca10040/nrfx_spim.o
 .comment       0x000000000000003f       0x40 Output/Release/Obj/spi_pca10040/nrfx_uart.o
 .comment       0x000000000000003f       0x40 Output/Release/Obj/spi_pca10040/nrfx_uarte.o
 .comment       0x000000000000003f       0x40 Output/Release/Obj/spi_pca10040/main.o
 .comment       0x000000000000003f       0x40 Output/Release/Obj/spi_pca10040/system_nrf52.o
 .comment       0x000000000000003f       0x40 C:/Program Files/SEGGER/SEGGER Embedded Studio for ARM 5.70a/lib/libm_v7em_fpv4_sp_d16_hard_t_le_eabi.a(libm2.o)
 .comment       0x000000000000003f       0x40 C:/Program Files/SEGGER/SEGGER Embedded Studio for ARM 5.70a/lib/libc_v7em_fpv4_sp_d16_hard_t_le_eabi.a(libc2.o)

.debug_line     0x0000000000000000    0x12ff5
 .debug_line    0x0000000000000000      0x21f Output/Release/Obj/spi_pca10040/thumb_crt0.o
 .debug_line    0x000000000000021f      0x6b8 Output/Release/Obj/spi_pca10040/nrf_log_backend_serial.o
 .debug_line    0x00000000000008d7      0x965 Output/Release/Obj/spi_pca10040/nrf_log_backend_uart.o
 .debug_line    0x000000000000123c      0x5b0 Output/Release/Obj/spi_pca10040/nrf_log_default_backends.o
 .debug_line    0x00000000000017ec     0x127b Output/Release/Obj/spi_pca10040/nrf_log_frontend.o
 .debug_line    0x0000000000002a67      0x7bf Output/Release/Obj/spi_pca10040/nrf_log_str_formatter.o
 .debug_line    0x0000000000003226      0xacc Output/Release/Obj/spi_pca10040/boards.o
 .debug_line    0x0000000000003cf2      0xd0b Output/Release/Obj/spi_pca10040/app_button.o
 .debug_line    0x00000000000049fd      0x3ac Output/Release/Obj/spi_pca10040/app_error.o
 .debug_line    0x0000000000004da9      0x6e3 Output/Release/Obj/spi_pca10040/app_error_weak.o
 .debug_line    0x000000000000548c      0xdd4 Output/Release/Obj/spi_pca10040/app_timer2.o
 .debug_line    0x0000000000006260      0x43a Output/Release/Obj/spi_pca10040/app_util_platform.o
 .debug_line    0x000000000000669a     0x116f Output/Release/Obj/spi_pca10040/drv_rtc.o
 .debug_line    0x0000000000007809      0x690 Output/Release/Obj/spi_pca10040/nrf_atomic.o
 .debug_line    0x0000000000007e99      0x6a1 Output/Release/Obj/spi_pca10040/nrf_balloc.o
 .debug_line    0x000000000000853a      0x3cc Output/Release/Obj/spi_pca10040/nrf_fprintf.o
 .debug_line    0x0000000000008906      0x838 Output/Release/Obj/spi_pca10040/nrf_fprintf_format.o
 .debug_line    0x000000000000913e      0x7f7 Output/Release/Obj/spi_pca10040/nrf_memobj.o
 .debug_line    0x0000000000009935      0x76d Output/Release/Obj/spi_pca10040/nrf_ringbuf.o
 .debug_line    0x000000000000a0a2      0x5c8 Output/Release/Obj/spi_pca10040/nrf_sortlist.o
 .debug_line    0x000000000000a66a      0x635 Output/Release/Obj/spi_pca10040/nrf_drv_spi.o
 .debug_line    0x000000000000ac9f      0x670 Output/Release/Obj/spi_pca10040/nrf_drv_uart.o
 .debug_line    0x000000000000b30f     0x1c08 Output/Release/Obj/spi_pca10040/nrfx_gpiote.o
 .debug_line    0x000000000000cf17      0x727 Output/Release/Obj/spi_pca10040/nrfx_prs.o
 .debug_line    0x000000000000d63e     0x12df Output/Release/Obj/spi_pca10040/nrfx_spim.o
 .debug_line    0x000000000000e91d     0x17bc Output/Release/Obj/spi_pca10040/nrfx_uart.o
 .debug_line    0x00000000000100d9     0x174a Output/Release/Obj/spi_pca10040/nrfx_uarte.o
 .debug_line    0x0000000000011823      0xf25 Output/Release/Obj/spi_pca10040/main.o
 .debug_line    0x0000000000012748       0x89 Output/Release/Obj/spi_pca10040/ses_startup_nrf52.o
 .debug_line    0x00000000000127d1       0xab Output/Release/Obj/spi_pca10040/ses_startup_nrf_common.o
 .debug_line    0x000000000001287c      0x779 Output/Release/Obj/spi_pca10040/system_nrf52.o

.debug_info     0x0000000000000000    0x1e62e
 .debug_info    0x0000000000000000       0x22 Output/Release/Obj/spi_pca10040/thumb_crt0.o
 .debug_info    0x0000000000000022      0x77b Output/Release/Obj/spi_pca10040/nrf_log_backend_serial.o
 .debug_info    0x000000000000079d     0x1139 Output/Release/Obj/spi_pca10040/nrf_log_backend_uart.o
 .debug_info    0x00000000000018d6      0x2df Output/Release/Obj/spi_pca10040/nrf_log_default_backends.o
 .debug_info    0x0000000000001bb5     0x2330 Output/Release/Obj/spi_pca10040/nrf_log_frontend.o
 .debug_info    0x0000000000003ee5      0x7a5 Output/Release/Obj/spi_pca10040/nrf_log_str_formatter.o
 .debug_info    0x000000000000468a      0xc0e Output/Release/Obj/spi_pca10040/boards.o
 .debug_info    0x0000000000005298      0xbd1 Output/Release/Obj/spi_pca10040/app_button.o
 .debug_info    0x0000000000005e69      0x2a4 Output/Release/Obj/spi_pca10040/app_error.o
 .debug_info    0x000000000000610d      0x4a1 Output/Release/Obj/spi_pca10040/app_error_weak.o
 .debug_info    0x00000000000065ae     0x163d Output/Release/Obj/spi_pca10040/app_timer2.o
 .debug_info    0x0000000000007beb      0x785 Output/Release/Obj/spi_pca10040/app_util_platform.o
 .debug_info    0x0000000000008370     0x20a0 Output/Release/Obj/spi_pca10040/drv_rtc.o
 .debug_info    0x000000000000a410      0x933 Output/Release/Obj/spi_pca10040/nrf_atomic.o
 .debug_info    0x000000000000ad43      0x3a6 Output/Release/Obj/spi_pca10040/nrf_balloc.o
 .debug_info    0x000000000000b0e9      0x233 Output/Release/Obj/spi_pca10040/nrf_fprintf.o
 .debug_info    0x000000000000b31c      0x72d Output/Release/Obj/spi_pca10040/nrf_fprintf_format.o
 .debug_info    0x000000000000ba49      0x8bb Output/Release/Obj/spi_pca10040/nrf_memobj.o
 .debug_info    0x000000000000c304      0x622 Output/Release/Obj/spi_pca10040/nrf_ringbuf.o
 .debug_info    0x000000000000c926      0x39f Output/Release/Obj/spi_pca10040/nrf_sortlist.o
 .debug_info    0x000000000000ccc5      0xe1c Output/Release/Obj/spi_pca10040/nrf_drv_spi.o
 .debug_info    0x000000000000dae1     0x1193 Output/Release/Obj/spi_pca10040/nrf_drv_uart.o
 .debug_info    0x000000000000ec74     0x34f6 Output/Release/Obj/spi_pca10040/nrfx_gpiote.o
 .debug_info    0x000000000001216a      0x7c9 Output/Release/Obj/spi_pca10040/nrfx_prs.o
 .debug_info    0x0000000000012933     0x2918 Output/Release/Obj/spi_pca10040/nrfx_spim.o
 .debug_info    0x000000000001524b     0x317f Output/Release/Obj/spi_pca10040/nrfx_uart.o
 .debug_info    0x00000000000183ca     0x335c Output/Release/Obj/spi_pca10040/nrfx_uarte.o
 .debug_info    0x000000000001b726     0x197f Output/Release/Obj/spi_pca10040/main.o
 .debug_info    0x000000000001d0a5       0x23 Output/Release/Obj/spi_pca10040/ses_startup_nrf52.o
 .debug_info    0x000000000001d0c8       0x23 Output/Release/Obj/spi_pca10040/ses_startup_nrf_common.o
 .debug_info    0x000000000001d0eb     0x1543 Output/Release/Obj/spi_pca10040/system_nrf52.o

.debug_abbrev   0x0000000000000000     0x55ae
 .debug_abbrev  0x0000000000000000       0x12 Output/Release/Obj/spi_pca10040/thumb_crt0.o
 .debug_abbrev  0x0000000000000012      0x214 Output/Release/Obj/spi_pca10040/nrf_log_backend_serial.o
 .debug_abbrev  0x0000000000000226      0x356 Output/Release/Obj/spi_pca10040/nrf_log_backend_uart.o
 .debug_abbrev  0x000000000000057c      0x193 Output/Release/Obj/spi_pca10040/nrf_log_default_backends.o
 .debug_abbrev  0x000000000000070f      0x612 Output/Release/Obj/spi_pca10040/nrf_log_frontend.o
 .debug_abbrev  0x0000000000000d21      0x1f2 Output/Release/Obj/spi_pca10040/nrf_log_str_formatter.o
 .debug_abbrev  0x0000000000000f13      0x2e9 Output/Release/Obj/spi_pca10040/boards.o
 .debug_abbrev  0x00000000000011fc      0x382 Output/Release/Obj/spi_pca10040/app_button.o
 .debug_abbrev  0x000000000000157e      0x13e Output/Release/Obj/spi_pca10040/app_error.o
 .debug_abbrev  0x00000000000016bc      0x21b Output/Release/Obj/spi_pca10040/app_error_weak.o
 .debug_abbrev  0x00000000000018d7      0x4c2 Output/Release/Obj/spi_pca10040/app_timer2.o
 .debug_abbrev  0x0000000000001d99      0x23c Output/Release/Obj/spi_pca10040/app_util_platform.o
 .debug_abbrev  0x0000000000001fd5      0x515 Output/Release/Obj/spi_pca10040/drv_rtc.o
 .debug_abbrev  0x00000000000024ea      0x199 Output/Release/Obj/spi_pca10040/nrf_atomic.o
 .debug_abbrev  0x0000000000002683      0x1fc Output/Release/Obj/spi_pca10040/nrf_balloc.o
 .debug_abbrev  0x000000000000287f      0x146 Output/Release/Obj/spi_pca10040/nrf_fprintf.o
 .debug_abbrev  0x00000000000029c5      0x2e2 Output/Release/Obj/spi_pca10040/nrf_fprintf_format.o
 .debug_abbrev  0x0000000000002ca7      0x1ff Output/Release/Obj/spi_pca10040/nrf_memobj.o
 .debug_abbrev  0x0000000000002ea6      0x15e Output/Release/Obj/spi_pca10040/nrf_ringbuf.o
 .debug_abbrev  0x0000000000003004      0x16a Output/Release/Obj/spi_pca10040/nrf_sortlist.o
 .debug_abbrev  0x000000000000316e      0x258 Output/Release/Obj/spi_pca10040/nrf_drv_spi.o
 .debug_abbrev  0x00000000000033c6      0x22d Output/Release/Obj/spi_pca10040/nrf_drv_uart.o
 .debug_abbrev  0x00000000000035f3      0x595 Output/Release/Obj/spi_pca10040/nrfx_gpiote.o
 .debug_abbrev  0x0000000000003b88      0x294 Output/Release/Obj/spi_pca10040/nrfx_prs.o
 .debug_abbrev  0x0000000000003e1c      0x443 Output/Release/Obj/spi_pca10040/nrfx_spim.o